2020-09-12 21:51:57,025 - INFO - Current time: Sat Sep 12 21:51:57 2020
2020-09-12 21:51:59,029 - INFO - Current time: Sat Sep 12 21:51:59 2020
2020-09-12 21:52:01,030 - INFO - Current time: Sat Sep 12 21:52:01 2020
2020-09-12 21:52:03,033 - INFO - Current time: Sat Sep 12 21:52:03 2020
2020-09-12 21:52:05,035 - INFO - Current time: Sat Sep 12 21:52:05 2020
2020-09-12 21:52:07,036 - INFO - Current time: Sat Sep 12 21:52:07 2020
2020-09-12 21:52:09,039 - INFO - Current time: Sat Sep 12 21:52:09 2020



2020-09-12 23:34:55,128 - INFO - 
2020-09-12 23:38:01,895 - INFO - 
2020-09-12 23:38:44,996 - INFO - 



test string
  (0, 1)	1
  (1, 0)	1
  (1, 2)	1
  (1, 3)	1
  (2, 1)	1
  (2, 4)	1
  (2, 5)	1
  (3, 1)	1
  (3, 6)	1
  (3, 7)	1
  (4, 2)	1
  (4, 8)	1
  (5, 2)	1
  (6, 3)	1
  (7, 3)	1
  (8, 4)	1
  (8, 9)	1
  (9, 8)	1
  (0, 1)	1
  (0, 2)	1
  (1, 0)	1
  (1, 3)	1
  (2, 0)	1
  (2, 4)	1
  (3, 1)	1
  (3, 5)	1
  (3, 6)	1
  (4, 2)	1
  (5, 3)	1
  (6, 3)	1
  (6, 7)	1
  (6, 8)	1
  (7, 6)	1
  (8, 6)	1
  (8, 9)	1
  (9, 8)	1
  (0, 1)	1
  (1, 0)	1
  (1, 2)	1
  (2, 1)	1
  (2, 3)	1
  (3, 2)	1
  (3, 4)	1
  (3, 5)	1
  (4, 3)	1
  (5, 3)	1
  (5, 6)	1
  (5, 7)	1
  (6, 5)	1
  (6, 8)	1
  (7, 5)	1
  (8, 6)	1
  (8, 9)	1
  (9, 8)	1
{"directed": False, "multigraph": False, "graph": [], "nodes": [{"id": 0}, {"id": 1}, {"id": 2}, {"id": 3}, {"id": 4}, {"id": 5}, {"id": 6}, {"id": 7}, {"id": 8}, {"id": 9}], "adjacency": [[{"id": 1}], [{"id": 0}, {"id": 2}], [{"id": 1}, {"id": 3}], [{"id": 2}, {"id": 4}], [{"id": 3}, {"id": 5}], [{"id": 4}, {"id": 6}], [{"id": 5}, {"id": 7}], [{"id": 6}, {"id": 8}], [{"id": 7}, {"id": 9}], [{"id": 8}]]}
{"directed": False, "multigraph": False, "graph": [], "nodes": [{"id": 0}, {"id": 1}, {"id": 2}, {"id": 3}, {"id": 4}, {"id": 5}, {"id": 6}, {"id": 7}, {"id": 8}, {"id": 9}], "adjacency": [[{"id": 1}], [{"id": 0}, {"id": 2}, {"id": 3}], [{"id": 1}], [{"id": 1}, {"id": 4}], [{"id": 3}, {"id": 5}], [{"id": 4}, {"id": 6}], [{"id": 5}, {"id": 7}], [{"id": 6}, {"id": 8}], [{"id": 7}, {"id": 9}], [{"id": 8}]]}
{"directed": False, "multigraph": False, "graph": [], "nodes": [{"id": 0}, {"id": 1}, {"id": 2}, {"id": 3}, {"id": 4}, {"id": 5}, {"id": 6}, {"id": 7}, {"id": 8}, {"id": 9}], "adjacency": [[{"id": 1}, {"id": 2}], [{"id": 0}], [{"id": 0}, {"id": 3}], [{"id": 2}, {"id": 4}, {"id": 5}], [{"id": 3}], [{"id": 3}, {"id": 6}], [{"id": 5}, {"id": 7}, {"id": 8}], [{"id": 6}], [{"id": 6}, {"id": 9}], [{"id": 8}]]}
{
    "adjacency": [
        [
            {
                "id": 1
            }
        ],
        [
            {
                "id": 0
            },
            {
                "id": 2
            }
        ],
        [
            {
                "id": 1
            },
            {
                "id": 3
            }
        ],
        [
            {
                "id": 2
            },
            {
                "id": 4
            }
        ],
        [
            {
                "id": 3
            },
            {
                "id": 5
            }
        ],
        [
            {
                "id": 4
            },
            {
                "id": 6
            }
        ],
        [
            {
                "id": 5
            },
            {
                "id": 7
            }
        ],
        [
            {
                "id": 6
            },
            {
                "id": 8
            }
        ],
        [
            {
                "id": 7
            },
            {
                "id": 9
            }
        ],
        [
            {
                "id": 8
            }
        ]
    ],
    "directed": false,
    "graph": [],
    "multigraph": false,
    "nodes": [
        {
            "id": 0
        },
        {
            "id": 1
        },
        {
            "id": 2
        },
        {
            "id": 3
        },
        {
            "id": 4
        },
        {
            "id": 5
        },
        {
            "id": 6
        },
        {
            "id": 7
        },
        {
            "id": 8
        },
        {
            "id": 9
        }
    ]
}
{
    "directed": false,
    "multigraph": false,
    "graph": [],
    "nodes": [
        {
            "id": 0
        },
        {
            "id": 1
        },
        {
            "id": 2
        },
        {
            "id": 3
        },
        {
            "id": 4
        },
        {
            "id": 5
        },
        {
            "id": 6
        },
        {
            "id": 7
        },
        {
            "id": 8
        },
        {
            "id": 9
        }
    ],
    "adjacency": [
        [
            {
                "id": 1
            }
        ],
        [
            {
                "id": 0
            },
            {
                "id": 2
            }
        ],
        [
            {
                "id": 1
            },
            {
                "id": 3
            },
            {
                "id": 4
            }
        ],
        [
            {
                "id": 2
            }
        ],
        [
            {
                "id": 2
            },
            {
                "id": 5
            },
            {
                "id": 6
            }
        ],
        [
            {
                "id": 4
            }
        ],
        [
            {
                "id": 4
            },
            {
                "id": 7
            },
            {
                "id": 8
            }
        ],
        [
            {
                "id": 6
            }
        ],
        [
            {
                "id": 6
            },
            {
                "id": 9
            }
        ],
        [
            {
                "id": 8
            }
        ]
    ]
}
{
    "directed": false,
    "multigraph": false,
    "graph": {},
    "nodes": [
        {
            "id": 0
        },
        {
            "id": 1
        },
        {
            "id": 2
        },
        {
            "id": 3
        },
        {
            "id": 4
        },
        {
            "id": 5
        },
        {
            "id": 6
        },
        {
            "id": 7
        },
        {
            "id": 8
        },
        {
            "id": 9
        }
    ],
    "links": [
        {
            "source": 0,
            "target": 1
        },
        {
            "source": 1,
            "target": 2
        },
        {
            "source": 2,
            "target": 3
        },
        {
            "source": 2,
            "target": 4
        },
        {
            "source": 3,
            "target": 5
        },
        {
            "source": 4,
            "target": 6
        },
        {
            "source": 4,
            "target": 7
        },
        {
            "source": 5,
            "target": 8
        },
        {
            "source": 8,
            "target": 9
        }
    ]
}
{
    "directed": false,
    "multigraph": false,
    "graph": [],
    "nodes": [
        {
            "id": 0
        },
        {
            "id": 1
        },
        {
            "id": 2
        },
        {
            "id": 3
        },
        {
            "id": 4
        },
        {
            "id": 5
        },
        {
            "id": 6
        },
        {
            "id": 7
        },
        {
            "id": 8
        },
        {
            "id": 9
        }
    ],
    "adjacency": [
        [
            {
                "id": 1
            }
        ],
        [
            {
                "id": 0
            },
            {
                "id": 2
            }
        ],
        [
            {
                "id": 1
            },
            {
                "id": 3
            }
        ],
        [
            {
                "id": 2
            },
            {
                "id": 4
            }
        ],
        [
            {
                "id": 3
            },
            {
                "id": 5
            }
        ],
        [
            {
                "id": 4
            },
            {
                "id": 6
            },
            {
                "id": 7
            }
        ],
        [
            {
                "id": 5
            },
            {
                "id": 8
            }
        ],
        [
            {
                "id": 5
            }
        ],
        [
            {
                "id": 6
            },
            {
                "id": 9
            }
        ],
        [
            {
                "id": 8
            }
        ]
    ]
}
{
    "directed": false,
    "multigraph": false,
    "graph": [],
    "nodes": [
        {
            "id": 0
        },
        {
            "id": 1
        },
        {
            "id": 2
        },
        {
            "id": 3
        },
        {
            "id": 4
        },
        {
            "id": 5
        },
        {
            "id": 6
        },
        {
            "id": 7
        },
        {
            "id": 8
        },
        {
            "id": 9
        }
    ],
    "adjacency": [
        [
            {
                "id": 1
            },
            {
                "id": 2
            }
        ],
        [
            {
                "id": 0
            },
            {
                "id": 3
            },
            {
                "id": 4
            }
        ],
        [
            {
                "id": 0
            }
        ],
        [
            {
                "id": 1
            },
            {
                "id": 5
            },
            {
                "id": 6
            }
        ],
        [
            {
                "id": 1
            },
            {
                "id": 7
            }
        ],
        [
            {
                "id": 3
            }
        ],
        [
            {
                "id": 3
            },
            {
                "id": 8
            }
        ],
        [
            {
                "id": 4
            }
        ],
        [
            {
                "id": 6
            },
            {
                "id": 9
            }
        ],
        [
            {
                "id": 8
            }
        ]
    ]
}
{
    "directed": false,
    "multigraph": false,
    "graph": [],
    "nodes": [
        {
            "id": 0
        },
        {
            "id": 1
        },
        {
            "id": 2
        },
        {
            "id": 3
        },
        {
            "id": 4
        },
        {
            "id": 5
        },
        {
            "id": 6
        },
        {
            "id": 7
        },
        {
            "id": 8
        },
        {
            "id": 9
        }
    ],
    "adjacency": [
        [
            {
                "id": 1
            }
        ],
        [
            {
                "id": 0
            },
            {
                "id": 2
            }
        ],
        [
            {
                "id": 1
            },
            {
                "id": 3
            },
            {
                "id": 4
            }
        ],
        [
            {
                "id": 2
            },
            {
                "id": 5
            }
        ],
        [
            {
                "id": 2
            }
        ],
        [
            {
                "id": 3
            },
            {
                "id": 6
            },
            {
                "id": 7
            }
        ],
        [
            {
                "id": 5
            }
        ],
        [
            {
                "id": 5
            },
            {
                "id": 8
            }
        ],
        [
            {
                "id": 7
            },
            {
                "id": 9
            }
        ],
        [
            {
                "id": 8
            }
        ]
    ]
}
{
    "directed": false,
    "multigraph": false,
    "graph": [],
    "nodes": [
        {
            "id": 0
        },
        {
            "id": 1
        },
        {
            "id": 2
        },
        {
            "id": 3
        },
        {
            "id": 4
        },
        {
            "id": 5
        },
        {
            "id": 6
        },
        {
            "id": 7
        },
        {
            "id": 8
        },
        {
            "id": 9
        },
        {
            "id": 10
        },
        {
            "id": 11
        },
        {
            "id": 12
        },
        {
            "id": 13
        },
        {
            "id": 14
        },
        {
            "id": 15
        },
        {
            "id": 16
        },
        {
            "id": 17
        },
        {
            "id": 18
        },
        {
            "id": 19
        }
    ],
    "adjacency": [
        [
            {
                "id": 1
            }
        ],
        [
            {
                "id": 0
            },
            {
                "id": 2
            }
        ],
        [
            {
                "id": 1
            },
            {
                "id": 3
            },
            {
                "id": 4
            }
        ],
        [
            {
                "id": 2
            },
            {
                "id": 5
            }
        ],
        [
            {
                "id": 2
            }
        ],
        [
            {
                "id": 3
            },
            {
                "id": 6
            }
        ],
        [
            {
                "id": 5
            },
            {
                "id": 7
            }
        ],
        [
            {
                "id": 6
            },
            {
                "id": 8
            }
        ],
        [
            {
                "id": 7
            },
            {
                "id": 9
            }
        ],
        [
            {
                "id": 8
            },
            {
                "id": 10
            }
        ],
        [
            {
                "id": 9
            },
            {
                "id": 11
            }
        ],
        [
            {
                "id": 10
            },
            {
                "id": 12
            }
        ],
        [
            {
                "id": 11
            },
            {
                "id": 13
            }
        ],
        [
            {
                "id": 12
            },
            {
                "id": 14
            },
            {
                "id": 15
            }
        ],
        [
            {
                "id": 13
            },
            {
                "id": 16
            },
            {
                "id": 17
            }
        ],
        [
            {
                "id": 13
            }
        ],
        [
            {
                "id": 14
            },
            {
                "id": 18
            }
        ],
        [
            {
                "id": 14
            }
        ],
        [
            {
                "id": 16
            },
            {
                "id": 19
            }
        ],
        [
            {
                "id": 18
            }
        ]
    ]
}
{
    "directed": false,
    "multigraph": false,
    "graph": [],
    "nodes": [
        {
            "id": 0
        },
        {
            "id": 1
        },
        {
            "id": 2
        },
        {
            "id": 3
        },
        {
            "id": 4
        },
        {
            "id": 5
        },
        {
            "id": 6
        },
        {
            "id": 7
        },
        {
            "id": 8
        },
        {
            "id": 9
        },
        {
            "id": 10
        },
        {
            "id": 11
        },
        {
            "id": 12
        },
        {
            "id": 13
        },
        {
            "id": 14
        },
        {
            "id": 15
        },
        {
            "id": 16
        },
        {
            "id": 17
        },
        {
            "id": 18
        },
        {
            "id": 19
        }
    ],
    "adjacency": [
        [
            {
                "id": 1
            }
        ],
        [
            {
                "id": 0
            },
            {
                "id": 2
            }
        ],
        [
            {
                "id": 1
            },
            {
                "id": 3
            }
        ],
        [
            {
                "id": 2
            },
            {
                "id": 4
            }
        ],
        [
            {
                "id": 3
            },
            {
                "id": 5
            }
        ],
        [
            {
                "id": 4
            },
            {
                "id": 6
            }
        ],
        [
            {
                "id": 5
            },
            {
                "id": 7
            },
            {
                "id": 8
            }
        ],
        [
            {
                "id": 6
            },
            {
                "id": 9
            }
        ],
        [
            {
                "id": 6
            }
        ],
        [
            {
                "id": 7
            },
            {
                "id": 10
            }
        ],
        [
            {
                "id": 9
            },
            {
                "id": 11
            }
        ],
        [
            {
                "id": 10
            },
            {
                "id": 12
            }
        ],
        [
            {
                "id": 11
            },
            {
                "id": 13
            }
        ],
        [
            {
                "id": 12
            },
            {
                "id": 14
            }
        ],
        [
            {
                "id": 13
            },
            {
                "id": 15
            },
            {
                "id": 16
            }
        ],
        [
            {
                "id": 14
            }
        ],
        [
            {
                "id": 14
            },
            {
                "id": 17
            }
        ],
        [
            {
                "id": 16
            },
            {
                "id": 18
            }
        ],
        [
            {
                "id": 17
            },
            {
                "id": 19
            }
        ],
        [
            {
                "id": 18
            }
        ]
    ]
}
{
    "directed": false,
    "multigraph": false,
    "graph": [],
    "nodes": [
        {
            "id": 0
        },
        {
            "id": 1
        },
        {
            "id": 2
        },
        {
            "id": 3
        },
        {
            "id": 4
        },
        {
            "id": 5
        },
        {
            "id": 6
        },
        {
            "id": 7
        },
        {
            "id": 8
        },
        {
            "id": 9
        },
        {
            "id": 10
        },
        {
            "id": 11
        },
        {
            "id": 12
        },
        {
            "id": 13
        },
        {
            "id": 14
        },
        {
            "id": 15
        },
        {
            "id": 16
        },
        {
            "id": 17
        },
        {
            "id": 18
        },
        {
            "id": 19
        }
    ],
    "adjacency": [
        [
            {
                "id": 1
            },
            {
                "id": 2
            }
        ],
        [
            {
                "id": 0
            },
            {
                "id": 3
            }
        ],
        [
            {
                "id": 0
            },
            {
                "id": 4
            },
            {
                "id": 5
            }
        ],
        [
            {
                "id": 1
            }
        ],
        [
            {
                "id": 2
            },
            {
                "id": 6
            }
        ],
        [
            {
                "id": 2
            },
            {
                "id": 7
            }
        ],
        [
            {
                "id": 4
            },
            {
                "id": 8
            },
            {
                "id": 9
            }
        ],
        [
            {
                "id": 5
            },
            {
                "id": 10
            }
        ],
        [
            {
                "id": 6
            },
            {
                "id": 11
            },
            {
                "id": 12
            }
        ],
        [
            {
                "id": 6
            }
        ],
        [
            {
                "id": 7
            }
        ],
        [
            {
                "id": 8
            }
        ],
        [
            {
                "id": 8
            },
            {
                "id": 13
            }
        ],
        [
            {
                "id": 12
            },
            {
                "id": 14
            }
        ],
        [
            {
                "id": 13
            },
            {
                "id": 15
            }
        ],
        [
            {
                "id": 14
            },
            {
                "id": 16
            },
            {
                "id": 17
            }
        ],
        [
            {
                "id": 15
            }
        ],
        [
            {
                "id": 15
            },
            {
                "id": 18
            }
        ],
        [
            {
                "id": 17
            },
            {
                "id": 19
            }
        ],
        [
            {
                "id": 18
            }
        ]
    ]
}
{
    "directed": false,
    "multigraph": false,
    "graph": [],
    "nodes": [
        {
            "id": 0
        },
        {
            "id": 1
        },
        {
            "id": 2
        },
        {
            "id": 3
        },
        {
            "id": 4
        },
        {
            "id": 5
        },
        {
            "id": 6
        },
        {
            "id": 7
        },
        {
            "id": 8
        },
        {
            "id": 9
        },
        {
            "id": 10
        },
        {
            "id": 11
        },
        {
            "id": 12
        },
        {
            "id": 13
        },
        {
            "id": 14
        },
        {
            "id": 15
        },
        {
            "id": 16
        },
        {
            "id": 17
        },
        {
            "id": 18
        },
        {
            "id": 19
        }
    ],
    "adjacency": [
        [
            {
                "id": 1
            },
            {
                "id": 2
            }
        ],
        [
            {
                "id": 0
            }
        ],
        [
            {
                "id": 0
            },
            {
                "id": 3
            }
        ],
        [
            {
                "id": 2
            },
            {
                "id": 4
            }
        ],
        [
            {
                "id": 3
            },
            {
                "id": 5
            }
        ],
        [
            {
                "id": 4
            },
            {
                "id": 6
            },
            {
                "id": 7
            }
        ],
        [
            {
                "id": 5
            }
        ],
        [
            {
                "id": 5
            },
            {
                "id": 8
            }
        ],
        [
            {
                "id": 7
            },
            {
                "id": 9
            },
            {
                "id": 10
            }
        ],
        [
            {
                "id": 8
            },
            {
                "id": 11
            },
            {
                "id": 12
            }
        ],
        [
            {
                "id": 8
            },
            {
                "id": 13
            },
            {
                "id": 14
            }
        ],
        [
            {
                "id": 9
            }
        ],
        [
            {
                "id": 9
            }
        ],
        [
            {
                "id": 10
            }
        ],
        [
            {
                "id": 10
            },
            {
                "id": 15
            }
        ],
        [
            {
                "id": 14
            },
            {
                "id": 16
            }
        ],
        [
            {
                "id": 15
            },
            {
                "id": 17
            }
        ],
        [
            {
                "id": 16
            },
            {
                "id": 18
            }
        ],
        [
            {
                "id": 17
            },
            {
                "id": 19
            }
        ],
        [
            {
                "id": 18
            }
        ]
    ]
}
{
    "directed": false,
    "multigraph": false,
    "graph": [],
    "nodes": [
        {
            "id": 0
        },
        {
            "id": 1
        },
        {
            "id": 2
        },
        {
            "id": 3
        },
        {
            "id": 4
        },
        {
            "id": 5
        },
        {
            "id": 6
        },
        {
            "id": 7
        },
        {
            "id": 8
        },
        {
            "id": 9
        }
    ],
    "adjacency": [
        [
            {
                "id": 1
            }
        ],
        [
            {
                "id": 0
            },
            {
                "id": 2
            }
        ],
        [
            {
                "id": 1
            },
            {
                "id": 3
            }
        ],
        [
            {
                "id": 2
            },
            {
                "id": 4
            }
        ],
        [
            {
                "id": 3
            },
            {
                "id": 5
            },
            {
                "id": 6
            }
        ],
        [
            {
                "id": 4
            }
        ],
        [
            {
                "id": 4
            },
            {
                "id": 7
            }
        ],
        [
            {
                "id": 6
            },
            {
                "id": 8
            }
        ],
        [
            {
                "id": 7
            },
            {
                "id": 9
            }
        ],
        [
            {
                "id": 8
            }
        ]
    ]
}
{
    "directed": false,
    "multigraph": false,
    "graph": [],
    "nodes": [
        {
            "id": 0
        },
        {
            "id": 1
        },
        {
            "id": 2
        },
        {
            "id": 3
        },
        {
            "id": 4
        },
        {
            "id": 5
        },
        {
            "id": 6
        },
        {
            "id": 7
        },
        {
            "id": 8
        },
        {
            "id": 9
        }
    ],
    "adjacency": [
        [
            {
                "id": 1
            }
        ],
        [
            {
                "id": 0
            },
            {
                "id": 2
            }
        ],
        [
            {
                "id": 1
            },
            {
                "id": 3
            },
            {
                "id": 4
            }
        ],
        [
            {
                "id": 2
            }
        ],
        [
            {
                "id": 2
            },
            {
                "id": 5
            }
        ],
        [
            {
                "id": 4
            },
            {
                "id": 6
            },
            {
                "id": 7
            }
        ],
        [
            {
                "id": 5
            }
        ],
        [
            {
                "id": 5
            },
            {
                "id": 8
            }
        ],
        [
            {
                "id": 7
            },
            {
                "id": 9
            }
        ],
        [
            {
                "id": 8
            }
        ]
    ]
}
{
    "directed": false,
    "multigraph": false,
    "graph": [],
    "nodes": [
        {
            "id": 0
        },
        {
            "id": 1
        },
        {
            "id": 2
        },
        {
            "id": 3
        },
        {
            "id": 4
        },
        {
            "id": 5
        },
        {
            "id": 6
        },
        {
            "id": 7
        },
        {
            "id": 8
        },
        {
            "id": 9
        },
        {
            "id": 10
        },
        {
            "id": 11
        },
        {
            "id": 12
        },
        {
            "id": 13
        },
        {
            "id": 14
        },
        {
            "id": 15
        },
        {
            "id": 16
        },
        {
            "id": 17
        },
        {
            "id": 18
        },
        {
            "id": 19
        },
        {
            "id": 20
        },
        {
            "id": 21
        },
        {
            "id": 22
        },
        {
            "id": 23
        },
        {
            "id": 24
        },
        {
            "id": 25
        },
        {
            "id": 26
        },
        {
            "id": 27
        },
        {
            "id": 28
        },
        {
            "id": 29
        },
        {
            "id": 30
        },
        {
            "id": 31
        },
        {
            "id": 32
        },
        {
            "id": 33
        },
        {
            "id": 34
        },
        {
            "id": 35
        },
        {
            "id": 36
        },
        {
            "id": 37
        },
        {
            "id": 38
        },
        {
            "id": 39
        },
        {
            "id": 40
        },
        {
            "id": 41
        },
        {
            "id": 42
        },
        {
            "id": 43
        },
        {
            "id": 44
        },
        {
            "id": 45
        },
        {
            "id": 46
        },
        {
            "id": 47
        },
        {
            "id": 48
        },
        {
            "id": 49
        },
        {
            "id": 50
        },
        {
            "id": 51
        },
        {
            "id": 52
        },
        {
            "id": 53
        },
        {
            "id": 54
        },
        {
            "id": 55
        },
        {
            "id": 56
        },
        {
            "id": 57
        },
        {
            "id": 58
        },
        {
            "id": 59
        },
        {
            "id": 60
        },
        {
            "id": 61
        },
        {
            "id": 62
        },
        {
            "id": 63
        },
        {
            "id": 64
        },
        {
            "id": 65
        },
        {
            "id": 66
        },
        {
            "id": 67
        },
        {
            "id": 68
        },
        {
            "id": 69
        },
        {
            "id": 70
        },
        {
            "id": 71
        },
        {
            "id": 72
        },
        {
            "id": 73
        },
        {
            "id": 74
        },
        {
            "id": 75
        },
        {
            "id": 76
        },
        {
            "id": 77
        },
        {
            "id": 78
        },
        {
            "id": 79
        },
        {
            "id": 80
        },
        {
            "id": 81
        },
        {
            "id": 82
        },
        {
            "id": 83
        },
        {
            "id": 84
        },
        {
            "id": 85
        },
        {
            "id": 86
        },
        {
            "id": 87
        },
        {
            "id": 88
        },
        {
            "id": 89
        },
        {
            "id": 90
        },
        {
            "id": 91
        },
        {
            "id": 92
        },
        {
            "id": 93
        },
        {
            "id": 94
        },
        {
            "id": 95
        },
        {
            "id": 96
        },
        {
            "id": 97
        },
        {
            "id": 98
        },
        {
            "id": 99
        },
        {
            "id": 100
        },
        {
            "id": 101
        },
        {
            "id": 102
        },
        {
            "id": 103
        },
        {
            "id": 104
        },
        {
            "id": 105
        },
        {
            "id": 106
        },
        {
            "id": 107
        },
        {
            "id": 108
        },
        {
            "id": 109
        },
        {
            "id": 110
        },
        {
            "id": 111
        },
        {
            "id": 112
        },
        {
            "id": 113
        },
        {
            "id": 114
        },
        {
            "id": 115
        },
        {
            "id": 116
        },
        {
            "id": 117
        },
        {
            "id": 118
        },
        {
            "id": 119
        },
        {
            "id": 120
        },
        {
            "id": 121
        },
        {
            "id": 122
        },
        {
            "id": 123
        },
        {
            "id": 124
        },
        {
            "id": 125
        },
        {
            "id": 126
        },
        {
            "id": 127
        },
        {
            "id": 128
        },
        {
            "id": 129
        },
        {
            "id": 130
        },
        {
            "id": 131
        },
        {
            "id": 132
        },
        {
            "id": 133
        },
        {
            "id": 134
        },
        {
            "id": 135
        },
        {
            "id": 136
        },
        {
            "id": 137
        },
        {
            "id": 138
        },
        {
            "id": 139
        },
        {
            "id": 140
        },
        {
            "id": 141
        },
        {
            "id": 142
        },
        {
            "id": 143
        },
        {
            "id": 144
        },
        {
            "id": 145
        },
        {
            "id": 146
        },
        {
            "id": 147
        },
        {
            "id": 148
        },
        {
            "id": 149
        }
    ],
    "adjacency": [
        [
            {
                "id": 1
            },
            {
                "id": 2
            },
            {
                "id": 3
            },
            {
                "id": 4
            },
            {
                "id": 5
            },
            {
                "id": 6
            },
            {
                "id": 7
            },
            {
                "id": 8
            },
            {
                "id": 9
            }
        ],
        [
            {
                "id": 0
            },
            {
                "id": 10
            },
            {
                "id": 11
            },
            {
                "id": 12
            },
            {
                "id": 13
            },
            {
                "id": 14
            }
        ],
        [
            {
                "id": 0
            },
            {
                "id": 15
            },
            {
                "id": 16
            },
            {
                "id": 17
            },
            {
                "id": 18
            },
            {
                "id": 19
            },
            {
                "id": 20
            },
            {
                "id": 21
            },
            {
                "id": 22
            }
        ],
        [
            {
                "id": 0
            },
            {
                "id": 23
            },
            {
                "id": 24
            },
            {
                "id": 25
            }
        ],
        [
            {
                "id": 0
            },
            {
                "id": 26
            },
            {
                "id": 27
            },
            {
                "id": 28
            },
            {
                "id": 29
            },
            {
                "id": 30
            },
            {
                "id": 31
            }
        ],
        [
            {
                "id": 0
            },
            {
                "id": 32
            },
            {
                "id": 33
            },
            {
                "id": 34
            },
            {
                "id": 35
            }
        ],
        [
            {
                "id": 0
            },
            {
                "id": 36
            },
            {
                "id": 37
            },
            {
                "id": 38
            },
            {
                "id": 39
            },
            {
                "id": 40
            },
            {
                "id": 41
            },
            {
                "id": 42
            }
        ],
        [
            {
                "id": 0
            },
            {
                "id": 43
            },
            {
                "id": 44
            },
            {
                "id": 45
            },
            {
                "id": 46
            },
            {
                "id": 47
            },
            {
                "id": 48
            },
            {
                "id": 49
            },
            {
                "id": 50
            },
            {
                "id": 51
            }
        ],
        [
            {
                "id": 0
            },
            {
                "id": 52
            },
            {
                "id": 53
            },
            {
                "id": 54
            },
            {
                "id": 55
            },
            {
                "id": 56
            },
            {
                "id": 57
            },
            {
                "id": 58
            }
        ],
        [
            {
                "id": 0
            },
            {
                "id": 59
            },
            {
                "id": 60
            },
            {
                "id": 61
            },
            {
                "id": 62
            },
            {
                "id": 63
            },
            {
                "id": 64
            },
            {
                "id": 65
            },
            {
                "id": 66
            }
        ],
        [
            {
                "id": 1
            },
            {
                "id": 67
            },
            {
                "id": 68
            },
            {
                "id": 69
            },
            {
                "id": 70
            },
            {
                "id": 71
            },
            {
                "id": 72
            },
            {
                "id": 73
            },
            {
                "id": 74
            },
            {
                "id": 75
            }
        ],
        [
            {
                "id": 1
            },
            {
                "id": 76
            },
            {
                "id": 77
            },
            {
                "id": 78
            },
            {
                "id": 79
            },
            {
                "id": 80
            }
        ],
        [
            {
                "id": 1
            },
            {
                "id": 81
            },
            {
                "id": 82
            },
            {
                "id": 83
            },
            {
                "id": 84
            },
            {
                "id": 85
            },
            {
                "id": 86
            },
            {
                "id": 87
            },
            {
                "id": 88
            },
            {
                "id": 89
            }
        ],
        [
            {
                "id": 1
            },
            {
                "id": 90
            },
            {
                "id": 91
            },
            {
                "id": 92
            },
            {
                "id": 93
            }
        ],
        [
            {
                "id": 1
            },
            {
                "id": 94
            },
            {
                "id": 95
            },
            {
                "id": 96
            },
            {
                "id": 97
            },
            {
                "id": 98
            },
            {
                "id": 99
            }
        ],
        [
            {
                "id": 2
            },
            {
                "id": 100
            },
            {
                "id": 101
            },
            {
                "id": 102
            },
            {
                "id": 103
            },
            {
                "id": 104
            },
            {
                "id": 105
            },
            {
                "id": 106
            }
        ],
        [
            {
                "id": 2
            },
            {
                "id": 107
            },
            {
                "id": 108
            },
            {
                "id": 109
            },
            {
                "id": 110
            }
        ],
        [
            {
                "id": 2
            },
            {
                "id": 111
            },
            {
                "id": 112
            },
            {
                "id": 113
            }
        ],
        [
            {
                "id": 2
            },
            {
                "id": 114
            },
            {
                "id": 115
            }
        ],
        [
            {
                "id": 2
            },
            {
                "id": 116
            },
            {
                "id": 117
            },
            {
                "id": 118
            }
        ],
        [
            {
                "id": 2
            },
            {
                "id": 119
            },
            {
                "id": 120
            },
            {
                "id": 121
            },
            {
                "id": 122
            },
            {
                "id": 123
            },
            {
                "id": 124
            },
            {
                "id": 125
            }
        ],
        [
            {
                "id": 2
            },
            {
                "id": 126
            }
        ],
        [
            {
                "id": 2
            },
            {
                "id": 127
            },
            {
                "id": 128
            },
            {
                "id": 129
            },
            {
                "id": 130
            },
            {
                "id": 131
            },
            {
                "id": 132
            },
            {
                "id": 133
            }
        ],
        [
            {
                "id": 3
            },
            {
                "id": 134
            },
            {
                "id": 135
            }
        ],
        [
            {
                "id": 3
            },
            {
                "id": 136
            },
            {
                "id": 137
            },
            {
                "id": 138
            },
            {
                "id": 139
            },
            {
                "id": 140
            },
            {
                "id": 141
            },
            {
                "id": 142
            },
            {
                "id": 143
            },
            {
                "id": 144
            }
        ],
        [
            {
                "id": 3
            },
            {
                "id": 145
            },
            {
                "id": 146
            },
            {
                "id": 147
            }
        ],
        [
            {
                "id": 4
            },
            {
                "id": 148
            }
        ],
        [
            {
                "id": 4
            }
        ],
        [
            {
                "id": 4
            }
        ],
        [
            {
                "id": 4
            }
        ],
        [
            {
                "id": 4
            }
        ],
        [
            {
                "id": 4
            }
        ],
        [
            {
                "id": 5
            }
        ],
        [
            {
                "id": 5
            }
        ],
        [
            {
                "id": 5
            }
        ],
        [
            {
                "id": 5
            }
        ],
        [
            {
                "id": 6
            }
        ],
        [
            {
                "id": 6
            }
        ],
        [
            {
                "id": 6
            }
        ],
        [
            {
                "id": 6
            }
        ],
        [
            {
                "id": 6
            }
        ],
        [
            {
                "id": 6
            }
        ],
        [
            {
                "id": 6
            }
        ],
        [
            {
                "id": 7
            }
        ],
        [
            {
                "id": 7
            }
        ],
        [
            {
                "id": 7
            }
        ],
        [
            {
                "id": 7
            }
        ],
        [
            {
                "id": 7
            }
        ],
        [
            {
                "id": 7
            }
        ],
        [
            {
                "id": 7
            }
        ],
        [
            {
                "id": 7
            }
        ],
        [
            {
                "id": 7
            }
        ],
        [
            {
                "id": 8
            }
        ],
        [
            {
                "id": 8
            }
        ],
        [
            {
                "id": 8
            }
        ],
        [
            {
                "id": 8
            }
        ],
        [
            {
                "id": 8
            }
        ],
        [
            {
                "id": 8
            }
        ],
        [
            {
                "id": 8
            }
        ],
        [
            {
                "id": 9
            }
        ],
        [
            {
                "id": 9
            }
        ],
        [
            {
                "id": 9
            }
        ],
        [
            {
                "id": 9
            }
        ],
        [
            {
                "id": 9
            }
        ],
        [
            {
                "id": 9
            }
        ],
        [
            {
                "id": 9
            }
        ],
        [
            {
                "id": 9
            }
        ],
        [
            {
                "id": 10
            }
        ],
        [
            {
                "id": 10
            }
        ],
        [
            {
                "id": 10
            }
        ],
        [
            {
                "id": 10
            }
        ],
        [
            {
                "id": 10
            }
        ],
        [
            {
                "id": 10
            }
        ],
        [
            {
                "id": 10
            }
        ],
        [
            {
                "id": 10
            }
        ],
        [
            {
                "id": 10
            }
        ],
        [
            {
                "id": 11
            }
        ],
        [
            {
                "id": 11
            }
        ],
        [
            {
                "id": 11
            }
        ],
        [
            {
                "id": 11
            }
        ],
        [
            {
                "id": 11
            }
        ],
        [
            {
                "id": 12
            }
        ],
        [
            {
                "id": 12
            }
        ],
        [
            {
                "id": 12
            }
        ],
        [
            {
                "id": 12
            }
        ],
        [
            {
                "id": 12
            }
        ],
        [
            {
                "id": 12
            }
        ],
        [
            {
                "id": 12
            }
        ],
        [
            {
                "id": 12
            }
        ],
        [
            {
                "id": 12
            }
        ],
        [
            {
                "id": 13
            }
        ],
        [
            {
                "id": 13
            }
        ],
        [
            {
                "id": 13
            }
        ],
        [
            {
                "id": 13
            }
        ],
        [
            {
                "id": 14
            }
        ],
        [
            {
                "id": 14
            }
        ],
        [
            {
                "id": 14
            }
        ],
        [
            {
                "id": 14
            }
        ],
        [
            {
                "id": 14
            }
        ],
        [
            {
                "id": 14
            }
        ],
        [
            {
                "id": 15
            }
        ],
        [
            {
                "id": 15
            }
        ],
        [
            {
                "id": 15
            }
        ],
        [
            {
                "id": 15
            }
        ],
        [
            {
                "id": 15
            }
        ],
        [
            {
                "id": 15
            }
        ],
        [
            {
                "id": 15
            }
        ],
        [
            {
                "id": 16
            }
        ],
        [
            {
                "id": 16
            }
        ],
        [
            {
                "id": 16
            }
        ],
        [
            {
                "id": 16
            }
        ],
        [
            {
                "id": 17
            }
        ],
        [
            {
                "id": 17
            }
        ],
        [
            {
                "id": 17
            }
        ],
        [
            {
                "id": 18
            }
        ],
        [
            {
                "id": 18
            }
        ],
        [
            {
                "id": 19
            }
        ],
        [
            {
                "id": 19
            }
        ],
        [
            {
                "id": 19
            }
        ],
        [
            {
                "id": 20
            }
        ],
        [
            {
                "id": 20
            }
        ],
        [
            {
                "id": 20
            }
        ],
        [
            {
                "id": 20
            }
        ],
        [
            {
                "id": 20
            }
        ],
        [
            {
                "id": 20
            }
        ],
        [
            {
                "id": 20
            }
        ],
        [
            {
                "id": 21
            }
        ],
        [
            {
                "id": 22
            }
        ],
        [
            {
                "id": 22
            }
        ],
        [
            {
                "id": 22
            }
        ],
        [
            {
                "id": 22
            }
        ],
        [
            {
                "id": 22
            }
        ],
        [
            {
                "id": 22
            }
        ],
        [
            {
                "id": 22
            }
        ],
        [
            {
                "id": 23
            }
        ],
        [
            {
                "id": 23
            }
        ],
        [
            {
                "id": 24
            }
        ],
        [
            {
                "id": 24
            }
        ],
        [
            {
                "id": 24
            }
        ],
        [
            {
                "id": 24
            }
        ],
        [
            {
                "id": 24
            }
        ],
        [
            {
                "id": 24
            }
        ],
        [
            {
                "id": 24
            }
        ],
        [
            {
                "id": 24
            }
        ],
        [
            {
                "id": 24
            }
        ],
        [
            {
                "id": 25
            }
        ],
        [
            {
                "id": 25
            }
        ],
        [
            {
                "id": 25
            }
        ],
        [
            {
                "id": 26
            },
            {
                "id": 149
            }
        ],
        [
            {
                "id": 148
            }
        ]
    ]
}
{
    "directed": false,
    "multigraph": false,
    "graph": [],
    "nodes": [
        {
            "id": 0
        },
        {
            "id": 1
        },
        {
            "id": 2
        },
        {
            "id": 3
        },
        {
            "id": 4
        },
        {
            "id": 5
        },
        {
            "id": 6
        },
        {
            "id": 7
        },
        {
            "id": 8
        },
        {
            "id": 9
        }
    ],
    "adjacency": [
        [
            {
                "id": 1
            },
            {
                "id": 2
            }
        ],
        [
            {
                "id": 0
            }
        ],
        [
            {
                "id": 0
            },
            {
                "id": 3
            },
            {
                "id": 4
            }
        ],
        [
            {
                "id": 2
            },
            {
                "id": 5
            },
            {
                "id": 6
            }
        ],
        [
            {
                "id": 2
            },
            {
                "id": 7
            },
            {
                "id": 8
            }
        ],
        [
            {
                "id": 3
            }
        ],
        [
            {
                "id": 3
            }
        ],
        [
            {
                "id": 4
            }
        ],
        [
            {
                "id": 4
            },
            {
                "id": 9
            }
        ],
        [
            {
                "id": 8
            }
        ]
    ]
}
{
    "directed": false,
    "multigraph": false,
    "graph": [],
    "nodes": [
        {
            "id": 0
        },
        {
            "id": 1
        },
        {
            "id": 2
        },
        {
            "id": 3
        },
        {
            "id": 4
        },
        {
            "id": 5
        },
        {
            "id": 6
        },
        {
            "id": 7
        },
        {
            "id": 8
        },
        {
            "id": 9
        }
    ],
    "adjacency": [
        [
            {
                "id": 1
            }
        ],
        [
            {
                "id": 0
            },
            {
                "id": 2
            }
        ],
        [
            {
                "id": 1
            },
            {
                "id": 3
            },
            {
                "id": 4
            }
        ],
        [
            {
                "id": 2
            },
            {
                "id": 5
            },
            {
                "id": 6
            }
        ],
        [
            {
                "id": 2
            }
        ],
        [
            {
                "id": 3
            }
        ],
        [
            {
                "id": 3
            },
            {
                "id": 7
            },
            {
                "id": 8
            }
        ],
        [
            {
                "id": 6
            }
        ],
        [
            {
                "id": 6
            },
            {
                "id": 9
            }
        ],
        [
            {
                "id": 8
            }
        ]
    ]
}
{
    "directed": false,
    "multigraph": false,
    "graph": [],
    "nodes": [
        {
            "id": 0
        },
        {
            "id": 1
        },
        {
            "id": 2
        },
        {
            "id": 3
        },
        {
            "id": 4
        },
        {
            "id": 5
        },
        {
            "id": 6
        },
        {
            "id": 7
        },
        {
            "id": 8
        },
        {
            "id": 9
        },
        {
            "id": 10
        },
        {
            "id": 11
        },
        {
            "id": 12
        },
        {
            "id": 13
        },
        {
            "id": 14
        },
        {
            "id": 15
        },
        {
            "id": 16
        },
        {
            "id": 17
        },
        {
            "id": 18
        },
        {
            "id": 19
        },
        {
            "id": 20
        },
        {
            "id": 21
        },
        {
            "id": 22
        },
        {
            "id": 23
        },
        {
            "id": 24
        },
        {
            "id": 25
        },
        {
            "id": 26
        },
        {
            "id": 27
        },
        {
            "id": 28
        },
        {
            "id": 29
        },
        {
            "id": 30
        },
        {
            "id": 31
        },
        {
            "id": 32
        },
        {
            "id": 33
        },
        {
            "id": 34
        },
        {
            "id": 35
        },
        {
            "id": 36
        },
        {
            "id": 37
        },
        {
            "id": 38
        },
        {
            "id": 39
        },
        {
            "id": 40
        },
        {
            "id": 41
        },
        {
            "id": 42
        },
        {
            "id": 43
        },
        {
            "id": 44
        },
        {
            "id": 45
        },
        {
            "id": 46
        },
        {
            "id": 47
        },
        {
            "id": 48
        },
        {
            "id": 49
        },
        {
            "id": 50
        },
        {
            "id": 51
        },
        {
            "id": 52
        },
        {
            "id": 53
        },
        {
            "id": 54
        },
        {
            "id": 55
        },
        {
            "id": 56
        },
        {
            "id": 57
        },
        {
            "id": 58
        },
        {
            "id": 59
        },
        {
            "id": 60
        },
        {
            "id": 61
        },
        {
            "id": 62
        },
        {
            "id": 63
        },
        {
            "id": 64
        },
        {
            "id": 65
        },
        {
            "id": 66
        },
        {
            "id": 67
        },
        {
            "id": 68
        },
        {
            "id": 69
        },
        {
            "id": 70
        },
        {
            "id": 71
        },
        {
            "id": 72
        },
        {
            "id": 73
        },
        {
            "id": 74
        },
        {
            "id": 75
        },
        {
            "id": 76
        },
        {
            "id": 77
        },
        {
            "id": 78
        },
        {
            "id": 79
        },
        {
            "id": 80
        },
        {
            "id": 81
        },
        {
            "id": 82
        },
        {
            "id": 83
        },
        {
            "id": 84
        },
        {
            "id": 85
        },
        {
            "id": 86
        },
        {
            "id": 87
        },
        {
            "id": 88
        },
        {
            "id": 89
        },
        {
            "id": 90
        },
        {
            "id": 91
        },
        {
            "id": 92
        },
        {
            "id": 93
        },
        {
            "id": 94
        },
        {
            "id": 95
        },
        {
            "id": 96
        },
        {
            "id": 97
        },
        {
            "id": 98
        },
        {
            "id": 99
        },
        {
            "id": 100
        },
        {
            "id": 101
        },
        {
            "id": 102
        },
        {
            "id": 103
        },
        {
            "id": 104
        },
        {
            "id": 105
        },
        {
            "id": 106
        },
        {
            "id": 107
        },
        {
            "id": 108
        },
        {
            "id": 109
        },
        {
            "id": 110
        },
        {
            "id": 111
        },
        {
            "id": 112
        },
        {
            "id": 113
        },
        {
            "id": 114
        },
        {
            "id": 115
        },
        {
            "id": 116
        },
        {
            "id": 117
        },
        {
            "id": 118
        },
        {
            "id": 119
        },
        {
            "id": 120
        },
        {
            "id": 121
        },
        {
            "id": 122
        },
        {
            "id": 123
        },
        {
            "id": 124
        },
        {
            "id": 125
        },
        {
            "id": 126
        },
        {
            "id": 127
        },
        {
            "id": 128
        },
        {
            "id": 129
        },
        {
            "id": 130
        },
        {
            "id": 131
        },
        {
            "id": 132
        },
        {
            "id": 133
        },
        {
            "id": 134
        },
        {
            "id": 135
        },
        {
            "id": 136
        },
        {
            "id": 137
        },
        {
            "id": 138
        },
        {
            "id": 139
        },
        {
            "id": 140
        },
        {
            "id": 141
        },
        {
            "id": 142
        },
        {
            "id": 143
        },
        {
            "id": 144
        },
        {
            "id": 145
        },
        {
            "id": 146
        },
        {
            "id": 147
        },
        {
            "id": 148
        },
        {
            "id": 149
        },
        {
            "id": 150
        },
        {
            "id": 151
        },
        {
            "id": 152
        },
        {
            "id": 153
        },
        {
            "id": 154
        },
        {
            "id": 155
        },
        {
            "id": 156
        },
        {
            "id": 157
        },
        {
            "id": 158
        },
        {
            "id": 159
        },
        {
            "id": 160
        },
        {
            "id": 161
        },
        {
            "id": 162
        },
        {
            "id": 163
        },
        {
            "id": 164
        },
        {
            "id": 165
        },
        {
            "id": 166
        },
        {
            "id": 167
        },
        {
            "id": 168
        },
        {
            "id": 169
        },
        {
            "id": 170
        },
        {
            "id": 171
        },
        {
            "id": 172
        },
        {
            "id": 173
        },
        {
            "id": 174
        },
        {
            "id": 175
        },
        {
            "id": 176
        },
        {
            "id": 177
        },
        {
            "id": 178
        },
        {
            "id": 179
        },
        {
            "id": 180
        },
        {
            "id": 181
        },
        {
            "id": 182
        },
        {
            "id": 183
        },
        {
            "id": 184
        },
        {
            "id": 185
        },
        {
            "id": 186
        },
        {
            "id": 187
        },
        {
            "id": 188
        },
        {
            "id": 189
        },
        {
            "id": 190
        },
        {
            "id": 191
        },
        {
            "id": 192
        },
        {
            "id": 193
        },
        {
            "id": 194
        },
        {
            "id": 195
        },
        {
            "id": 196
        },
        {
            "id": 197
        },
        {
            "id": 198
        },
        {
            "id": 199
        },
        {
            "id": 200
        },
        {
            "id": 201
        },
        {
            "id": 202
        },
        {
            "id": 203
        },
        {
            "id": 204
        },
        {
            "id": 205
        },
        {
            "id": 206
        },
        {
            "id": 207
        },
        {
            "id": 208
        },
        {
            "id": 209
        },
        {
            "id": 210
        },
        {
            "id": 211
        },
        {
            "id": 212
        },
        {
            "id": 213
        },
        {
            "id": 214
        },
        {
            "id": 215
        },
        {
            "id": 216
        },
        {
            "id": 217
        },
        {
            "id": 218
        },
        {
            "id": 219
        },
        {
            "id": 220
        },
        {
            "id": 221
        },
        {
            "id": 222
        },
        {
            "id": 223
        },
        {
            "id": 224
        },
        {
            "id": 225
        },
        {
            "id": 226
        },
        {
            "id": 227
        },
        {
            "id": 228
        },
        {
            "id": 229
        },
        {
            "id": 230
        },
        {
            "id": 231
        },
        {
            "id": 232
        },
        {
            "id": 233
        },
        {
            "id": 234
        },
        {
            "id": 235
        },
        {
            "id": 236
        },
        {
            "id": 237
        },
        {
            "id": 238
        },
        {
            "id": 239
        },
        {
            "id": 240
        },
        {
            "id": 241
        },
        {
            "id": 242
        },
        {
            "id": 243
        },
        {
            "id": 244
        },
        {
            "id": 245
        },
        {
            "id": 246
        },
        {
            "id": 247
        },
        {
            "id": 248
        },
        {
            "id": 249
        },
        {
            "id": 250
        },
        {
            "id": 251
        },
        {
            "id": 252
        },
        {
            "id": 253
        },
        {
            "id": 254
        },
        {
            "id": 255
        },
        {
            "id": 256
        },
        {
            "id": 257
        },
        {
            "id": 258
        },
        {
            "id": 259
        },
        {
            "id": 260
        },
        {
            "id": 261
        },
        {
            "id": 262
        },
        {
            "id": 263
        },
        {
            "id": 264
        },
        {
            "id": 265
        },
        {
            "id": 266
        },
        {
            "id": 267
        },
        {
            "id": 268
        },
        {
            "id": 269
        },
        {
            "id": 270
        },
        {
            "id": 271
        },
        {
            "id": 272
        },
        {
            "id": 273
        },
        {
            "id": 274
        },
        {
            "id": 275
        },
        {
            "id": 276
        },
        {
            "id": 277
        },
        {
            "id": 278
        },
        {
            "id": 279
        },
        {
            "id": 280
        },
        {
            "id": 281
        },
        {
            "id": 282
        },
        {
            "id": 283
        },
        {
            "id": 284
        },
        {
            "id": 285
        },
        {
            "id": 286
        },
        {
            "id": 287
        },
        {
            "id": 288
        },
        {
            "id": 289
        },
        {
            "id": 290
        },
        {
            "id": 291
        },
        {
            "id": 292
        },
        {
            "id": 293
        },
        {
            "id": 294
        },
        {
            "id": 295
        },
        {
            "id": 296
        },
        {
            "id": 297
        },
        {
            "id": 298
        },
        {
            "id": 299
        }
    ],
    "adjacency": [
        [
            {
                "id": 1
            },
            {
                "id": 2
            },
            {
                "id": 3
            },
            {
                "id": 4
            },
            {
                "id": 5
            },
            {
                "id": 6
            },
            {
                "id": 7
            },
            {
                "id": 8
            },
            {
                "id": 9
            }
        ],
        [
            {
                "id": 0
            },
            {
                "id": 10
            },
            {
                "id": 11
            },
            {
                "id": 12
            },
            {
                "id": 13
            },
            {
                "id": 14
            },
            {
                "id": 15
            },
            {
                "id": 16
            },
            {
                "id": 17
            }
        ],
        [
            {
                "id": 0
            },
            {
                "id": 18
            },
            {
                "id": 19
            },
            {
                "id": 20
            },
            {
                "id": 21
            },
            {
                "id": 22
            },
            {
                "id": 23
            }
        ],
        [
            {
                "id": 0
            },
            {
                "id": 24
            },
            {
                "id": 25
            },
            {
                "id": 26
            }
        ],
        [
            {
                "id": 0
            }
        ],
        [
            {
                "id": 0
            },
            {
                "id": 27
            },
            {
                "id": 28
            },
            {
                "id": 29
            },
            {
                "id": 30
            },
            {
                "id": 31
            },
            {
                "id": 32
            },
            {
                "id": 33
            },
            {
                "id": 34
            },
            {
                "id": 35
            }
        ],
        [
            {
                "id": 0
            },
            {
                "id": 36
            },
            {
                "id": 37
            },
            {
                "id": 38
            },
            {
                "id": 39
            },
            {
                "id": 40
            },
            {
                "id": 41
            },
            {
                "id": 42
            },
            {
                "id": 43
            }
        ],
        [
            {
                "id": 0
            },
            {
                "id": 44
            },
            {
                "id": 45
            },
            {
                "id": 46
            },
            {
                "id": 47
            },
            {
                "id": 48
            },
            {
                "id": 49
            },
            {
                "id": 50
            }
        ],
        [
            {
                "id": 0
            },
            {
                "id": 51
            },
            {
                "id": 52
            },
            {
                "id": 53
            }
        ],
        [
            {
                "id": 0
            },
            {
                "id": 54
            },
            {
                "id": 55
            },
            {
                "id": 56
            },
            {
                "id": 57
            },
            {
                "id": 58
            },
            {
                "id": 59
            }
        ],
        [
            {
                "id": 1
            },
            {
                "id": 60
            },
            {
                "id": 61
            }
        ],
        [
            {
                "id": 1
            },
            {
                "id": 62
            },
            {
                "id": 63
            },
            {
                "id": 64
            },
            {
                "id": 65
            },
            {
                "id": 66
            },
            {
                "id": 67
            },
            {
                "id": 68
            }
        ],
        [
            {
                "id": 1
            },
            {
                "id": 69
            },
            {
                "id": 70
            },
            {
                "id": 71
            }
        ],
        [
            {
                "id": 1
            }
        ],
        [
            {
                "id": 1
            },
            {
                "id": 72
            },
            {
                "id": 73
            },
            {
                "id": 74
            },
            {
                "id": 75
            },
            {
                "id": 76
            },
            {
                "id": 77
            },
            {
                "id": 78
            },
            {
                "id": 79
            },
            {
                "id": 80
            }
        ],
        [
            {
                "id": 1
            },
            {
                "id": 81
            },
            {
                "id": 82
            }
        ],
        [
            {
                "id": 1
            },
            {
                "id": 83
            }
        ],
        [
            {
                "id": 1
            },
            {
                "id": 84
            },
            {
                "id": 85
            },
            {
                "id": 86
            }
        ],
        [
            {
                "id": 2
            }
        ],
        [
            {
                "id": 2
            },
            {
                "id": 87
            },
            {
                "id": 88
            },
            {
                "id": 89
            },
            {
                "id": 90
            },
            {
                "id": 91
            },
            {
                "id": 92
            },
            {
                "id": 93
            },
            {
                "id": 94
            }
        ],
        [
            {
                "id": 2
            },
            {
                "id": 95
            },
            {
                "id": 96
            },
            {
                "id": 97
            },
            {
                "id": 98
            }
        ],
        [
            {
                "id": 2
            },
            {
                "id": 99
            },
            {
                "id": 100
            },
            {
                "id": 101
            },
            {
                "id": 102
            },
            {
                "id": 103
            },
            {
                "id": 104
            }
        ],
        [
            {
                "id": 2
            },
            {
                "id": 105
            },
            {
                "id": 106
            },
            {
                "id": 107
            },
            {
                "id": 108
            },
            {
                "id": 109
            },
            {
                "id": 110
            },
            {
                "id": 111
            }
        ],
        [
            {
                "id": 2
            },
            {
                "id": 112
            },
            {
                "id": 113
            }
        ],
        [
            {
                "id": 3
            },
            {
                "id": 114
            },
            {
                "id": 115
            }
        ],
        [
            {
                "id": 3
            },
            {
                "id": 116
            },
            {
                "id": 117
            },
            {
                "id": 118
            }
        ],
        [
            {
                "id": 3
            },
            {
                "id": 119
            },
            {
                "id": 120
            },
            {
                "id": 121
            },
            {
                "id": 122
            },
            {
                "id": 123
            },
            {
                "id": 124
            },
            {
                "id": 125
            },
            {
                "id": 126
            }
        ],
        [
            {
                "id": 5
            },
            {
                "id": 127
            }
        ],
        [
            {
                "id": 5
            },
            {
                "id": 128
            },
            {
                "id": 129
            },
            {
                "id": 130
            },
            {
                "id": 131
            },
            {
                "id": 132
            }
        ],
        [
            {
                "id": 5
            },
            {
                "id": 133
            },
            {
                "id": 134
            },
            {
                "id": 135
            }
        ],
        [
            {
                "id": 5
            },
            {
                "id": 136
            }
        ],
        [
            {
                "id": 5
            },
            {
                "id": 137
            },
            {
                "id": 138
            }
        ],
        [
            {
                "id": 5
            },
            {
                "id": 139
            },
            {
                "id": 140
            },
            {
                "id": 141
            }
        ],
        [
            {
                "id": 5
            },
            {
                "id": 142
            }
        ],
        [
            {
                "id": 5
            },
            {
                "id": 143
            },
            {
                "id": 144
            },
            {
                "id": 145
            }
        ],
        [
            {
                "id": 5
            },
            {
                "id": 146
            },
            {
                "id": 147
            },
            {
                "id": 148
            },
            {
                "id": 149
            },
            {
                "id": 150
            }
        ],
        [
            {
                "id": 6
            },
            {
                "id": 151
            },
            {
                "id": 152
            }
        ],
        [
            {
                "id": 6
            },
            {
                "id": 153
            },
            {
                "id": 154
            },
            {
                "id": 155
            }
        ],
        [
            {
                "id": 6
            },
            {
                "id": 156
            },
            {
                "id": 157
            },
            {
                "id": 158
            },
            {
                "id": 159
            },
            {
                "id": 160
            },
            {
                "id": 161
            },
            {
                "id": 162
            },
            {
                "id": 163
            },
            {
                "id": 164
            }
        ],
        [
            {
                "id": 6
            },
            {
                "id": 165
            },
            {
                "id": 166
            },
            {
                "id": 167
            }
        ],
        [
            {
                "id": 6
            },
            {
                "id": 168
            },
            {
                "id": 169
            },
            {
                "id": 170
            },
            {
                "id": 171
            },
            {
                "id": 172
            },
            {
                "id": 173
            }
        ],
        [
            {
                "id": 6
            },
            {
                "id": 174
            },
            {
                "id": 175
            },
            {
                "id": 176
            },
            {
                "id": 177
            }
        ],
        [
            {
                "id": 6
            },
            {
                "id": 178
            },
            {
                "id": 179
            },
            {
                "id": 180
            },
            {
                "id": 181
            },
            {
                "id": 182
            },
            {
                "id": 183
            }
        ],
        [
            {
                "id": 6
            },
            {
                "id": 184
            },
            {
                "id": 185
            }
        ],
        [
            {
                "id": 7
            },
            {
                "id": 186
            }
        ],
        [
            {
                "id": 7
            },
            {
                "id": 187
            },
            {
                "id": 188
            },
            {
                "id": 189
            },
            {
                "id": 190
            },
            {
                "id": 191
            },
            {
                "id": 192
            },
            {
                "id": 193
            },
            {
                "id": 194
            },
            {
                "id": 195
            }
        ],
        [
            {
                "id": 7
            },
            {
                "id": 196
            },
            {
                "id": 197
            },
            {
                "id": 198
            },
            {
                "id": 199
            },
            {
                "id": 200
            },
            {
                "id": 201
            },
            {
                "id": 202
            },
            {
                "id": 203
            },
            {
                "id": 204
            }
        ],
        [
            {
                "id": 7
            },
            {
                "id": 205
            },
            {
                "id": 206
            },
            {
                "id": 207
            }
        ],
        [
            {
                "id": 7
            },
            {
                "id": 208
            },
            {
                "id": 209
            }
        ],
        [
            {
                "id": 7
            },
            {
                "id": 210
            },
            {
                "id": 211
            },
            {
                "id": 212
            },
            {
                "id": 213
            },
            {
                "id": 214
            },
            {
                "id": 215
            },
            {
                "id": 216
            },
            {
                "id": 217
            },
            {
                "id": 218
            }
        ],
        [
            {
                "id": 7
            },
            {
                "id": 219
            },
            {
                "id": 220
            },
            {
                "id": 221
            },
            {
                "id": 222
            },
            {
                "id": 223
            },
            {
                "id": 224
            },
            {
                "id": 225
            },
            {
                "id": 226
            },
            {
                "id": 227
            }
        ],
        [
            {
                "id": 8
            },
            {
                "id": 228
            },
            {
                "id": 229
            },
            {
                "id": 230
            },
            {
                "id": 231
            },
            {
                "id": 232
            },
            {
                "id": 233
            },
            {
                "id": 234
            },
            {
                "id": 235
            },
            {
                "id": 236
            }
        ],
        [
            {
                "id": 8
            },
            {
                "id": 237
            }
        ],
        [
            {
                "id": 8
            },
            {
                "id": 238
            }
        ],
        [
            {
                "id": 9
            },
            {
                "id": 239
            },
            {
                "id": 240
            },
            {
                "id": 241
            },
            {
                "id": 242
            },
            {
                "id": 243
            }
        ],
        [
            {
                "id": 9
            },
            {
                "id": 244
            },
            {
                "id": 245
            },
            {
                "id": 246
            },
            {
                "id": 247
            },
            {
                "id": 248
            },
            {
                "id": 249
            },
            {
                "id": 250
            }
        ],
        [
            {
                "id": 9
            }
        ],
        [
            {
                "id": 9
            },
            {
                "id": 251
            },
            {
                "id": 252
            }
        ],
        [
            {
                "id": 9
            },
            {
                "id": 253
            },
            {
                "id": 254
            },
            {
                "id": 255
            },
            {
                "id": 256
            },
            {
                "id": 257
            },
            {
                "id": 258
            },
            {
                "id": 259
            },
            {
                "id": 260
            }
        ],
        [
            {
                "id": 9
            },
            {
                "id": 261
            },
            {
                "id": 262
            },
            {
                "id": 263
            },
            {
                "id": 264
            },
            {
                "id": 265
            }
        ],
        [
            {
                "id": 10
            },
            {
                "id": 266
            },
            {
                "id": 267
            },
            {
                "id": 268
            },
            {
                "id": 269
            },
            {
                "id": 270
            },
            {
                "id": 271
            }
        ],
        [
            {
                "id": 10
            },
            {
                "id": 272
            },
            {
                "id": 273
            }
        ],
        [
            {
                "id": 11
            },
            {
                "id": 274
            },
            {
                "id": 275
            },
            {
                "id": 276
            },
            {
                "id": 277
            },
            {
                "id": 278
            },
            {
                "id": 279
            },
            {
                "id": 280
            },
            {
                "id": 281
            },
            {
                "id": 282
            }
        ],
        [
            {
                "id": 11
            },
            {
                "id": 283
            },
            {
                "id": 284
            },
            {
                "id": 285
            }
        ],
        [
            {
                "id": 11
            },
            {
                "id": 286
            },
            {
                "id": 287
            },
            {
                "id": 288
            },
            {
                "id": 289
            },
            {
                "id": 290
            },
            {
                "id": 291
            },
            {
                "id": 292
            }
        ],
        [
            {
                "id": 11
            },
            {
                "id": 293
            },
            {
                "id": 294
            },
            {
                "id": 295
            },
            {
                "id": 296
            },
            {
                "id": 297
            }
        ],
        [
            {
                "id": 11
            },
            {
                "id": 298
            }
        ],
        [
            {
                "id": 11
            }
        ],
        [
            {
                "id": 11
            }
        ],
        [
            {
                "id": 12
            }
        ],
        [
            {
                "id": 12
            }
        ],
        [
            {
                "id": 12
            }
        ],
        [
            {
                "id": 14
            }
        ],
        [
            {
                "id": 14
            }
        ],
        [
            {
                "id": 14
            }
        ],
        [
            {
                "id": 14
            }
        ],
        [
            {
                "id": 14
            }
        ],
        [
            {
                "id": 14
            }
        ],
        [
            {
                "id": 14
            }
        ],
        [
            {
                "id": 14
            }
        ],
        [
            {
                "id": 14
            }
        ],
        [
            {
                "id": 15
            }
        ],
        [
            {
                "id": 15
            }
        ],
        [
            {
                "id": 16
            }
        ],
        [
            {
                "id": 17
            }
        ],
        [
            {
                "id": 17
            }
        ],
        [
            {
                "id": 17
            }
        ],
        [
            {
                "id": 19
            }
        ],
        [
            {
                "id": 19
            }
        ],
        [
            {
                "id": 19
            }
        ],
        [
            {
                "id": 19
            }
        ],
        [
            {
                "id": 19
            }
        ],
        [
            {
                "id": 19
            }
        ],
        [
            {
                "id": 19
            }
        ],
        [
            {
                "id": 19
            }
        ],
        [
            {
                "id": 20
            }
        ],
        [
            {
                "id": 20
            }
        ],
        [
            {
                "id": 20
            }
        ],
        [
            {
                "id": 20
            }
        ],
        [
            {
                "id": 21
            }
        ],
        [
            {
                "id": 21
            }
        ],
        [
            {
                "id": 21
            }
        ],
        [
            {
                "id": 21
            }
        ],
        [
            {
                "id": 21
            }
        ],
        [
            {
                "id": 21
            }
        ],
        [
            {
                "id": 22
            }
        ],
        [
            {
                "id": 22
            }
        ],
        [
            {
                "id": 22
            }
        ],
        [
            {
                "id": 22
            }
        ],
        [
            {
                "id": 22
            }
        ],
        [
            {
                "id": 22
            }
        ],
        [
            {
                "id": 22
            }
        ],
        [
            {
                "id": 23
            }
        ],
        [
            {
                "id": 23
            }
        ],
        [
            {
                "id": 24
            }
        ],
        [
            {
                "id": 24
            }
        ],
        [
            {
                "id": 25
            }
        ],
        [
            {
                "id": 25
            }
        ],
        [
            {
                "id": 25
            }
        ],
        [
            {
                "id": 26
            }
        ],
        [
            {
                "id": 26
            }
        ],
        [
            {
                "id": 26
            }
        ],
        [
            {
                "id": 26
            }
        ],
        [
            {
                "id": 26
            }
        ],
        [
            {
                "id": 26
            }
        ],
        [
            {
                "id": 26
            }
        ],
        [
            {
                "id": 26
            }
        ],
        [
            {
                "id": 27
            }
        ],
        [
            {
                "id": 28
            }
        ],
        [
            {
                "id": 28
            }
        ],
        [
            {
                "id": 28
            }
        ],
        [
            {
                "id": 28
            }
        ],
        [
            {
                "id": 28
            }
        ],
        [
            {
                "id": 29
            }
        ],
        [
            {
                "id": 29
            }
        ],
        [
            {
                "id": 29
            }
        ],
        [
            {
                "id": 30
            }
        ],
        [
            {
                "id": 31
            }
        ],
        [
            {
                "id": 31
            }
        ],
        [
            {
                "id": 32
            }
        ],
        [
            {
                "id": 32
            }
        ],
        [
            {
                "id": 32
            }
        ],
        [
            {
                "id": 33
            }
        ],
        [
            {
                "id": 34
            }
        ],
        [
            {
                "id": 34
            }
        ],
        [
            {
                "id": 34
            }
        ],
        [
            {
                "id": 35
            }
        ],
        [
            {
                "id": 35
            }
        ],
        [
            {
                "id": 35
            }
        ],
        [
            {
                "id": 35
            }
        ],
        [
            {
                "id": 35
            }
        ],
        [
            {
                "id": 36
            }
        ],
        [
            {
                "id": 36
            }
        ],
        [
            {
                "id": 37
            }
        ],
        [
            {
                "id": 37
            }
        ],
        [
            {
                "id": 37
            }
        ],
        [
            {
                "id": 38
            }
        ],
        [
            {
                "id": 38
            }
        ],
        [
            {
                "id": 38
            }
        ],
        [
            {
                "id": 38
            }
        ],
        [
            {
                "id": 38
            }
        ],
        [
            {
                "id": 38
            }
        ],
        [
            {
                "id": 38
            }
        ],
        [
            {
                "id": 38
            }
        ],
        [
            {
                "id": 38
            }
        ],
        [
            {
                "id": 39
            }
        ],
        [
            {
                "id": 39
            }
        ],
        [
            {
                "id": 39
            }
        ],
        [
            {
                "id": 40
            }
        ],
        [
            {
                "id": 40
            }
        ],
        [
            {
                "id": 40
            }
        ],
        [
            {
                "id": 40
            }
        ],
        [
            {
                "id": 40
            }
        ],
        [
            {
                "id": 40
            }
        ],
        [
            {
                "id": 41
            }
        ],
        [
            {
                "id": 41
            }
        ],
        [
            {
                "id": 41
            }
        ],
        [
            {
                "id": 41
            }
        ],
        [
            {
                "id": 42
            }
        ],
        [
            {
                "id": 42
            }
        ],
        [
            {
                "id": 42
            }
        ],
        [
            {
                "id": 42
            }
        ],
        [
            {
                "id": 42
            }
        ],
        [
            {
                "id": 42
            }
        ],
        [
            {
                "id": 43
            }
        ],
        [
            {
                "id": 43
            }
        ],
        [
            {
                "id": 44
            }
        ],
        [
            {
                "id": 45
            }
        ],
        [
            {
                "id": 45
            }
        ],
        [
            {
                "id": 45
            }
        ],
        [
            {
                "id": 45
            }
        ],
        [
            {
                "id": 45
            }
        ],
        [
            {
                "id": 45
            }
        ],
        [
            {
                "id": 45
            }
        ],
        [
            {
                "id": 45
            }
        ],
        [
            {
                "id": 45
            }
        ],
        [
            {
                "id": 46
            }
        ],
        [
            {
                "id": 46
            }
        ],
        [
            {
                "id": 46
            }
        ],
        [
            {
                "id": 46
            }
        ],
        [
            {
                "id": 46
            }
        ],
        [
            {
                "id": 46
            }
        ],
        [
            {
                "id": 46
            }
        ],
        [
            {
                "id": 46
            }
        ],
        [
            {
                "id": 46
            }
        ],
        [
            {
                "id": 47
            }
        ],
        [
            {
                "id": 47
            }
        ],
        [
            {
                "id": 47
            }
        ],
        [
            {
                "id": 48
            }
        ],
        [
            {
                "id": 48
            }
        ],
        [
            {
                "id": 49
            }
        ],
        [
            {
                "id": 49
            }
        ],
        [
            {
                "id": 49
            }
        ],
        [
            {
                "id": 49
            }
        ],
        [
            {
                "id": 49
            }
        ],
        [
            {
                "id": 49
            }
        ],
        [
            {
                "id": 49
            }
        ],
        [
            {
                "id": 49
            }
        ],
        [
            {
                "id": 49
            }
        ],
        [
            {
                "id": 50
            }
        ],
        [
            {
                "id": 50
            }
        ],
        [
            {
                "id": 50
            }
        ],
        [
            {
                "id": 50
            }
        ],
        [
            {
                "id": 50
            }
        ],
        [
            {
                "id": 50
            }
        ],
        [
            {
                "id": 50
            }
        ],
        [
            {
                "id": 50
            }
        ],
        [
            {
                "id": 50
            }
        ],
        [
            {
                "id": 51
            }
        ],
        [
            {
                "id": 51
            }
        ],
        [
            {
                "id": 51
            }
        ],
        [
            {
                "id": 51
            }
        ],
        [
            {
                "id": 51
            }
        ],
        [
            {
                "id": 51
            }
        ],
        [
            {
                "id": 51
            }
        ],
        [
            {
                "id": 51
            }
        ],
        [
            {
                "id": 51
            }
        ],
        [
            {
                "id": 52
            }
        ],
        [
            {
                "id": 53
            }
        ],
        [
            {
                "id": 54
            }
        ],
        [
            {
                "id": 54
            }
        ],
        [
            {
                "id": 54
            }
        ],
        [
            {
                "id": 54
            }
        ],
        [
            {
                "id": 54
            }
        ],
        [
            {
                "id": 55
            }
        ],
        [
            {
                "id": 55
            }
        ],
        [
            {
                "id": 55
            }
        ],
        [
            {
                "id": 55
            }
        ],
        [
            {
                "id": 55
            }
        ],
        [
            {
                "id": 55
            }
        ],
        [
            {
                "id": 55
            }
        ],
        [
            {
                "id": 57
            }
        ],
        [
            {
                "id": 57
            }
        ],
        [
            {
                "id": 58
            }
        ],
        [
            {
                "id": 58
            }
        ],
        [
            {
                "id": 58
            }
        ],
        [
            {
                "id": 58
            }
        ],
        [
            {
                "id": 58
            }
        ],
        [
            {
                "id": 58
            }
        ],
        [
            {
                "id": 58
            }
        ],
        [
            {
                "id": 58
            }
        ],
        [
            {
                "id": 59
            }
        ],
        [
            {
                "id": 59
            }
        ],
        [
            {
                "id": 59
            }
        ],
        [
            {
                "id": 59
            }
        ],
        [
            {
                "id": 59
            }
        ],
        [
            {
                "id": 60
            }
        ],
        [
            {
                "id": 60
            }
        ],
        [
            {
                "id": 60
            }
        ],
        [
            {
                "id": 60
            }
        ],
        [
            {
                "id": 60
            }
        ],
        [
            {
                "id": 60
            }
        ],
        [
            {
                "id": 61
            }
        ],
        [
            {
                "id": 61
            }
        ],
        [
            {
                "id": 62
            }
        ],
        [
            {
                "id": 62
            }
        ],
        [
            {
                "id": 62
            }
        ],
        [
            {
                "id": 62
            }
        ],
        [
            {
                "id": 62
            }
        ],
        [
            {
                "id": 62
            }
        ],
        [
            {
                "id": 62
            }
        ],
        [
            {
                "id": 62
            }
        ],
        [
            {
                "id": 62
            }
        ],
        [
            {
                "id": 63
            }
        ],
        [
            {
                "id": 63
            }
        ],
        [
            {
                "id": 63
            }
        ],
        [
            {
                "id": 64
            }
        ],
        [
            {
                "id": 64
            }
        ],
        [
            {
                "id": 64
            }
        ],
        [
            {
                "id": 64
            }
        ],
        [
            {
                "id": 64
            }
        ],
        [
            {
                "id": 64
            }
        ],
        [
            {
                "id": 64
            }
        ],
        [
            {
                "id": 65
            }
        ],
        [
            {
                "id": 65
            }
        ],
        [
            {
                "id": 65
            }
        ],
        [
            {
                "id": 65
            }
        ],
        [
            {
                "id": 65
            }
        ],
        [
            {
                "id": 66
            },
            {
                "id": 299
            }
        ],
        [
            {
                "id": 298
            }
        ]
    ]
}
{
    "directed": false,
    "multigraph": false,
    "graph": [],
    "nodes": [
        {
            "id": 0
        },
        {
            "id": 1
        },
        {
            "id": 2
        },
        {
            "id": 3
        },
        {
            "id": 4
        },
        {
            "id": 5
        },
        {
            "id": 6
        },
        {
            "id": 7
        },
        {
            "id": 8
        },
        {
            "id": 9
        },
        {
            "id": 10
        },
        {
            "id": 11
        },
        {
            "id": 12
        },
        {
            "id": 13
        },
        {
            "id": 14
        },
        {
            "id": 15
        },
        {
            "id": 16
        },
        {
            "id": 17
        },
        {
            "id": 18
        },
        {
            "id": 19
        },
        {
            "id": 20
        },
        {
            "id": 21
        },
        {
            "id": 22
        },
        {
            "id": 23
        },
        {
            "id": 24
        },
        {
            "id": 25
        },
        {
            "id": 26
        },
        {
            "id": 27
        },
        {
            "id": 28
        },
        {
            "id": 29
        },
        {
            "id": 30
        },
        {
            "id": 31
        },
        {
            "id": 32
        },
        {
            "id": 33
        },
        {
            "id": 34
        },
        {
            "id": 35
        },
        {
            "id": 36
        },
        {
            "id": 37
        },
        {
            "id": 38
        },
        {
            "id": 39
        },
        {
            "id": 40
        },
        {
            "id": 41
        },
        {
            "id": 42
        },
        {
            "id": 43
        },
        {
            "id": 44
        },
        {
            "id": 45
        },
        {
            "id": 46
        },
        {
            "id": 47
        },
        {
            "id": 48
        },
        {
            "id": 49
        },
        {
            "id": 50
        },
        {
            "id": 51
        },
        {
            "id": 52
        },
        {
            "id": 53
        },
        {
            "id": 54
        },
        {
            "id": 55
        },
        {
            "id": 56
        },
        {
            "id": 57
        },
        {
            "id": 58
        },
        {
            "id": 59
        },
        {
            "id": 60
        },
        {
            "id": 61
        },
        {
            "id": 62
        },
        {
            "id": 63
        },
        {
            "id": 64
        },
        {
            "id": 65
        },
        {
            "id": 66
        },
        {
            "id": 67
        },
        {
            "id": 68
        },
        {
            "id": 69
        },
        {
            "id": 70
        },
        {
            "id": 71
        },
        {
            "id": 72
        },
        {
            "id": 73
        },
        {
            "id": 74
        },
        {
            "id": 75
        },
        {
            "id": 76
        },
        {
            "id": 77
        },
        {
            "id": 78
        },
        {
            "id": 79
        },
        {
            "id": 80
        },
        {
            "id": 81
        },
        {
            "id": 82
        },
        {
            "id": 83
        },
        {
            "id": 84
        },
        {
            "id": 85
        },
        {
            "id": 86
        },
        {
            "id": 87
        },
        {
            "id": 88
        },
        {
            "id": 89
        },
        {
            "id": 90
        },
        {
            "id": 91
        },
        {
            "id": 92
        },
        {
            "id": 93
        },
        {
            "id": 94
        },
        {
            "id": 95
        },
        {
            "id": 96
        },
        {
            "id": 97
        },
        {
            "id": 98
        },
        {
            "id": 99
        },
        {
            "id": 100
        },
        {
            "id": 101
        },
        {
            "id": 102
        },
        {
            "id": 103
        },
        {
            "id": 104
        },
        {
            "id": 105
        },
        {
            "id": 106
        },
        {
            "id": 107
        },
        {
            "id": 108
        },
        {
            "id": 109
        },
        {
            "id": 110
        },
        {
            "id": 111
        },
        {
            "id": 112
        },
        {
            "id": 113
        },
        {
            "id": 114
        },
        {
            "id": 115
        },
        {
            "id": 116
        },
        {
            "id": 117
        },
        {
            "id": 118
        },
        {
            "id": 119
        },
        {
            "id": 120
        },
        {
            "id": 121
        },
        {
            "id": 122
        },
        {
            "id": 123
        },
        {
            "id": 124
        },
        {
            "id": 125
        },
        {
            "id": 126
        },
        {
            "id": 127
        },
        {
            "id": 128
        },
        {
            "id": 129
        },
        {
            "id": 130
        },
        {
            "id": 131
        },
        {
            "id": 132
        },
        {
            "id": 133
        },
        {
            "id": 134
        },
        {
            "id": 135
        },
        {
            "id": 136
        },
        {
            "id": 137
        },
        {
            "id": 138
        },
        {
            "id": 139
        },
        {
            "id": 140
        },
        {
            "id": 141
        },
        {
            "id": 142
        },
        {
            "id": 143
        },
        {
            "id": 144
        },
        {
            "id": 145
        },
        {
            "id": 146
        },
        {
            "id": 147
        },
        {
            "id": 148
        },
        {
            "id": 149
        },
        {
            "id": 150
        },
        {
            "id": 151
        },
        {
            "id": 152
        },
        {
            "id": 153
        },
        {
            "id": 154
        },
        {
            "id": 155
        },
        {
            "id": 156
        },
        {
            "id": 157
        },
        {
            "id": 158
        },
        {
            "id": 159
        },
        {
            "id": 160
        },
        {
            "id": 161
        },
        {
            "id": 162
        },
        {
            "id": 163
        },
        {
            "id": 164
        },
        {
            "id": 165
        },
        {
            "id": 166
        },
        {
            "id": 167
        },
        {
            "id": 168
        },
        {
            "id": 169
        },
        {
            "id": 170
        },
        {
            "id": 171
        },
        {
            "id": 172
        },
        {
            "id": 173
        },
        {
            "id": 174
        },
        {
            "id": 175
        },
        {
            "id": 176
        },
        {
            "id": 177
        },
        {
            "id": 178
        },
        {
            "id": 179
        },
        {
            "id": 180
        },
        {
            "id": 181
        },
        {
            "id": 182
        },
        {
            "id": 183
        },
        {
            "id": 184
        },
        {
            "id": 185
        },
        {
            "id": 186
        },
        {
            "id": 187
        },
        {
            "id": 188
        },
        {
            "id": 189
        },
        {
            "id": 190
        },
        {
            "id": 191
        },
        {
            "id": 192
        },
        {
            "id": 193
        },
        {
            "id": 194
        },
        {
            "id": 195
        },
        {
            "id": 196
        },
        {
            "id": 197
        },
        {
            "id": 198
        },
        {
            "id": 199
        },
        {
            "id": 200
        },
        {
            "id": 201
        },
        {
            "id": 202
        },
        {
            "id": 203
        },
        {
            "id": 204
        },
        {
            "id": 205
        },
        {
            "id": 206
        },
        {
            "id": 207
        },
        {
            "id": 208
        },
        {
            "id": 209
        },
        {
            "id": 210
        },
        {
            "id": 211
        },
        {
            "id": 212
        },
        {
            "id": 213
        },
        {
            "id": 214
        },
        {
            "id": 215
        },
        {
            "id": 216
        },
        {
            "id": 217
        },
        {
            "id": 218
        },
        {
            "id": 219
        },
        {
            "id": 220
        },
        {
            "id": 221
        },
        {
            "id": 222
        },
        {
            "id": 223
        },
        {
            "id": 224
        },
        {
            "id": 225
        },
        {
            "id": 226
        },
        {
            "id": 227
        },
        {
            "id": 228
        },
        {
            "id": 229
        },
        {
            "id": 230
        },
        {
            "id": 231
        },
        {
            "id": 232
        },
        {
            "id": 233
        },
        {
            "id": 234
        },
        {
            "id": 235
        },
        {
            "id": 236
        },
        {
            "id": 237
        },
        {
            "id": 238
        },
        {
            "id": 239
        },
        {
            "id": 240
        },
        {
            "id": 241
        },
        {
            "id": 242
        },
        {
            "id": 243
        },
        {
            "id": 244
        },
        {
            "id": 245
        },
        {
            "id": 246
        },
        {
            "id": 247
        },
        {
            "id": 248
        },
        {
            "id": 249
        },
        {
            "id": 250
        },
        {
            "id": 251
        },
        {
            "id": 252
        },
        {
            "id": 253
        },
        {
            "id": 254
        },
        {
            "id": 255
        },
        {
            "id": 256
        },
        {
            "id": 257
        },
        {
            "id": 258
        },
        {
            "id": 259
        },
        {
            "id": 260
        },
        {
            "id": 261
        },
        {
            "id": 262
        },
        {
            "id": 263
        },
        {
            "id": 264
        },
        {
            "id": 265
        },
        {
            "id": 266
        },
        {
            "id": 267
        },
        {
            "id": 268
        },
        {
            "id": 269
        },
        {
            "id": 270
        },
        {
            "id": 271
        },
        {
            "id": 272
        },
        {
            "id": 273
        },
        {
            "id": 274
        },
        {
            "id": 275
        },
        {
            "id": 276
        },
        {
            "id": 277
        },
        {
            "id": 278
        },
        {
            "id": 279
        },
        {
            "id": 280
        },
        {
            "id": 281
        },
        {
            "id": 282
        },
        {
            "id": 283
        },
        {
            "id": 284
        },
        {
            "id": 285
        },
        {
            "id": 286
        },
        {
            "id": 287
        },
        {
            "id": 288
        },
        {
            "id": 289
        },
        {
            "id": 290
        },
        {
            "id": 291
        },
        {
            "id": 292
        },
        {
            "id": 293
        },
        {
            "id": 294
        },
        {
            "id": 295
        },
        {
            "id": 296
        },
        {
            "id": 297
        },
        {
            "id": 298
        },
        {
            "id": 299
        },
        {
            "id": 300
        },
        {
            "id": 301
        },
        {
            "id": 302
        },
        {
            "id": 303
        },
        {
            "id": 304
        },
        {
            "id": 305
        },
        {
            "id": 306
        },
        {
            "id": 307
        },
        {
            "id": 308
        },
        {
            "id": 309
        },
        {
            "id": 310
        },
        {
            "id": 311
        },
        {
            "id": 312
        },
        {
            "id": 313
        },
        {
            "id": 314
        },
        {
            "id": 315
        },
        {
            "id": 316
        },
        {
            "id": 317
        },
        {
            "id": 318
        },
        {
            "id": 319
        },
        {
            "id": 320
        },
        {
            "id": 321
        },
        {
            "id": 322
        },
        {
            "id": 323
        },
        {
            "id": 324
        },
        {
            "id": 325
        },
        {
            "id": 326
        },
        {
            "id": 327
        },
        {
            "id": 328
        },
        {
            "id": 329
        },
        {
            "id": 330
        },
        {
            "id": 331
        },
        {
            "id": 332
        },
        {
            "id": 333
        },
        {
            "id": 334
        },
        {
            "id": 335
        },
        {
            "id": 336
        },
        {
            "id": 337
        },
        {
            "id": 338
        },
        {
            "id": 339
        },
        {
            "id": 340
        },
        {
            "id": 341
        },
        {
            "id": 342
        },
        {
            "id": 343
        },
        {
            "id": 344
        },
        {
            "id": 345
        },
        {
            "id": 346
        },
        {
            "id": 347
        },
        {
            "id": 348
        },
        {
            "id": 349
        },
        {
            "id": 350
        },
        {
            "id": 351
        },
        {
            "id": 352
        },
        {
            "id": 353
        },
        {
            "id": 354
        },
        {
            "id": 355
        },
        {
            "id": 356
        },
        {
            "id": 357
        },
        {
            "id": 358
        },
        {
            "id": 359
        },
        {
            "id": 360
        },
        {
            "id": 361
        },
        {
            "id": 362
        },
        {
            "id": 363
        },
        {
            "id": 364
        },
        {
            "id": 365
        },
        {
            "id": 366
        },
        {
            "id": 367
        },
        {
            "id": 368
        },
        {
            "id": 369
        },
        {
            "id": 370
        },
        {
            "id": 371
        },
        {
            "id": 372
        },
        {
            "id": 373
        },
        {
            "id": 374
        },
        {
            "id": 375
        },
        {
            "id": 376
        },
        {
            "id": 377
        },
        {
            "id": 378
        },
        {
            "id": 379
        },
        {
            "id": 380
        },
        {
            "id": 381
        },
        {
            "id": 382
        },
        {
            "id": 383
        },
        {
            "id": 384
        },
        {
            "id": 385
        },
        {
            "id": 386
        },
        {
            "id": 387
        },
        {
            "id": 388
        },
        {
            "id": 389
        },
        {
            "id": 390
        },
        {
            "id": 391
        },
        {
            "id": 392
        },
        {
            "id": 393
        },
        {
            "id": 394
        },
        {
            "id": 395
        },
        {
            "id": 396
        },
        {
            "id": 397
        },
        {
            "id": 398
        },
        {
            "id": 399
        },
        {
            "id": 400
        },
        {
            "id": 401
        },
        {
            "id": 402
        },
        {
            "id": 403
        },
        {
            "id": 404
        },
        {
            "id": 405
        },
        {
            "id": 406
        },
        {
            "id": 407
        },
        {
            "id": 408
        },
        {
            "id": 409
        },
        {
            "id": 410
        },
        {
            "id": 411
        },
        {
            "id": 412
        },
        {
            "id": 413
        },
        {
            "id": 414
        },
        {
            "id": 415
        },
        {
            "id": 416
        },
        {
            "id": 417
        },
        {
            "id": 418
        },
        {
            "id": 419
        },
        {
            "id": 420
        },
        {
            "id": 421
        },
        {
            "id": 422
        },
        {
            "id": 423
        },
        {
            "id": 424
        },
        {
            "id": 425
        },
        {
            "id": 426
        },
        {
            "id": 427
        },
        {
            "id": 428
        },
        {
            "id": 429
        },
        {
            "id": 430
        },
        {
            "id": 431
        },
        {
            "id": 432
        },
        {
            "id": 433
        },
        {
            "id": 434
        },
        {
            "id": 435
        },
        {
            "id": 436
        },
        {
            "id": 437
        },
        {
            "id": 438
        },
        {
            "id": 439
        },
        {
            "id": 440
        },
        {
            "id": 441
        },
        {
            "id": 442
        },
        {
            "id": 443
        },
        {
            "id": 444
        },
        {
            "id": 445
        },
        {
            "id": 446
        },
        {
            "id": 447
        },
        {
            "id": 448
        },
        {
            "id": 449
        },
        {
            "id": 450
        },
        {
            "id": 451
        },
        {
            "id": 452
        },
        {
            "id": 453
        },
        {
            "id": 454
        },
        {
            "id": 455
        },
        {
            "id": 456
        },
        {
            "id": 457
        },
        {
            "id": 458
        },
        {
            "id": 459
        },
        {
            "id": 460
        },
        {
            "id": 461
        },
        {
            "id": 462
        },
        {
            "id": 463
        },
        {
            "id": 464
        },
        {
            "id": 465
        },
        {
            "id": 466
        },
        {
            "id": 467
        },
        {
            "id": 468
        },
        {
            "id": 469
        },
        {
            "id": 470
        },
        {
            "id": 471
        },
        {
            "id": 472
        },
        {
            "id": 473
        },
        {
            "id": 474
        },
        {
            "id": 475
        },
        {
            "id": 476
        },
        {
            "id": 477
        },
        {
            "id": 478
        },
        {
            "id": 479
        },
        {
            "id": 480
        },
        {
            "id": 481
        },
        {
            "id": 482
        },
        {
            "id": 483
        },
        {
            "id": 484
        },
        {
            "id": 485
        },
        {
            "id": 486
        },
        {
            "id": 487
        },
        {
            "id": 488
        },
        {
            "id": 489
        },
        {
            "id": 490
        },
        {
            "id": 491
        },
        {
            "id": 492
        },
        {
            "id": 493
        },
        {
            "id": 494
        },
        {
            "id": 495
        },
        {
            "id": 496
        },
        {
            "id": 497
        },
        {
            "id": 498
        },
        {
            "id": 499
        }
    ],
    "adjacency": [
        [
            {
                "id": 1
            }
        ],
        [
            {
                "id": 0
            },
            {
                "id": 2
            },
            {
                "id": 3
            },
            {
                "id": 4
            },
            {
                "id": 5
            },
            {
                "id": 6
            }
        ],
        [
            {
                "id": 1
            },
            {
                "id": 7
            },
            {
                "id": 8
            },
            {
                "id": 9
            },
            {
                "id": 10
            },
            {
                "id": 11
            },
            {
                "id": 12
            },
            {
                "id": 13
            },
            {
                "id": 14
            }
        ],
        [
            {
                "id": 1
            },
            {
                "id": 15
            },
            {
                "id": 16
            }
        ],
        [
            {
                "id": 1
            },
            {
                "id": 17
            }
        ],
        [
            {
                "id": 1
            },
            {
                "id": 18
            },
            {
                "id": 19
            },
            {
                "id": 20
            },
            {
                "id": 21
            },
            {
                "id": 22
            },
            {
                "id": 23
            },
            {
                "id": 24
            },
            {
                "id": 25
            },
            {
                "id": 26
            }
        ],
        [
            {
                "id": 1
            },
            {
                "id": 27
            },
            {
                "id": 28
            },
            {
                "id": 29
            },
            {
                "id": 30
            },
            {
                "id": 31
            },
            {
                "id": 32
            },
            {
                "id": 33
            },
            {
                "id": 34
            }
        ],
        [
            {
                "id": 2
            }
        ],
        [
            {
                "id": 2
            },
            {
                "id": 35
            },
            {
                "id": 36
            }
        ],
        [
            {
                "id": 2
            },
            {
                "id": 37
            },
            {
                "id": 38
            },
            {
                "id": 39
            },
            {
                "id": 40
            },
            {
                "id": 41
            },
            {
                "id": 42
            },
            {
                "id": 43
            },
            {
                "id": 44
            }
        ],
        [
            {
                "id": 2
            }
        ],
        [
            {
                "id": 2
            },
            {
                "id": 45
            },
            {
                "id": 46
            },
            {
                "id": 47
            },
            {
                "id": 48
            },
            {
                "id": 49
            },
            {
                "id": 50
            },
            {
                "id": 51
            },
            {
                "id": 52
            }
        ],
        [
            {
                "id": 2
            },
            {
                "id": 53
            },
            {
                "id": 54
            },
            {
                "id": 55
            }
        ],
        [
            {
                "id": 2
            },
            {
                "id": 56
            },
            {
                "id": 57
            },
            {
                "id": 58
            },
            {
                "id": 59
            },
            {
                "id": 60
            },
            {
                "id": 61
            },
            {
                "id": 62
            },
            {
                "id": 63
            }
        ],
        [
            {
                "id": 2
            },
            {
                "id": 64
            },
            {
                "id": 65
            },
            {
                "id": 66
            },
            {
                "id": 67
            },
            {
                "id": 68
            },
            {
                "id": 69
            },
            {
                "id": 70
            },
            {
                "id": 71
            },
            {
                "id": 72
            }
        ],
        [
            {
                "id": 3
            },
            {
                "id": 73
            },
            {
                "id": 74
            },
            {
                "id": 75
            }
        ],
        [
            {
                "id": 3
            },
            {
                "id": 76
            },
            {
                "id": 77
            },
            {
                "id": 78
            },
            {
                "id": 79
            },
            {
                "id": 80
            },
            {
                "id": 81
            }
        ],
        [
            {
                "id": 4
            },
            {
                "id": 82
            },
            {
                "id": 83
            },
            {
                "id": 84
            },
            {
                "id": 85
            },
            {
                "id": 86
            }
        ],
        [
            {
                "id": 5
            },
            {
                "id": 87
            },
            {
                "id": 88
            },
            {
                "id": 89
            },
            {
                "id": 90
            },
            {
                "id": 91
            },
            {
                "id": 92
            }
        ],
        [
            {
                "id": 5
            }
        ],
        [
            {
                "id": 5
            },
            {
                "id": 93
            },
            {
                "id": 94
            },
            {
                "id": 95
            },
            {
                "id": 96
            },
            {
                "id": 97
            },
            {
                "id": 98
            },
            {
                "id": 99
            },
            {
                "id": 100
            },
            {
                "id": 101
            }
        ],
        [
            {
                "id": 5
            },
            {
                "id": 102
            },
            {
                "id": 103
            },
            {
                "id": 104
            },
            {
                "id": 105
            },
            {
                "id": 106
            },
            {
                "id": 107
            },
            {
                "id": 108
            },
            {
                "id": 109
            }
        ],
        [
            {
                "id": 5
            },
            {
                "id": 110
            },
            {
                "id": 111
            },
            {
                "id": 112
            },
            {
                "id": 113
            }
        ],
        [
            {
                "id": 5
            },
            {
                "id": 114
            },
            {
                "id": 115
            },
            {
                "id": 116
            }
        ],
        [
            {
                "id": 5
            }
        ],
        [
            {
                "id": 5
            },
            {
                "id": 117
            },
            {
                "id": 118
            }
        ],
        [
            {
                "id": 5
            },
            {
                "id": 119
            },
            {
                "id": 120
            },
            {
                "id": 121
            },
            {
                "id": 122
            },
            {
                "id": 123
            },
            {
                "id": 124
            }
        ],
        [
            {
                "id": 6
            },
            {
                "id": 125
            },
            {
                "id": 126
            },
            {
                "id": 127
            }
        ],
        [
            {
                "id": 6
            },
            {
                "id": 128
            },
            {
                "id": 129
            },
            {
                "id": 130
            },
            {
                "id": 131
            },
            {
                "id": 132
            },
            {
                "id": 133
            }
        ],
        [
            {
                "id": 6
            },
            {
                "id": 134
            }
        ],
        [
            {
                "id": 6
            },
            {
                "id": 135
            },
            {
                "id": 136
            }
        ],
        [
            {
                "id": 6
            },
            {
                "id": 137
            },
            {
                "id": 138
            },
            {
                "id": 139
            },
            {
                "id": 140
            },
            {
                "id": 141
            },
            {
                "id": 142
            }
        ],
        [
            {
                "id": 6
            }
        ],
        [
            {
                "id": 6
            },
            {
                "id": 143
            }
        ],
        [
            {
                "id": 6
            },
            {
                "id": 144
            },
            {
                "id": 145
            },
            {
                "id": 146
            },
            {
                "id": 147
            },
            {
                "id": 148
            },
            {
                "id": 149
            },
            {
                "id": 150
            }
        ],
        [
            {
                "id": 8
            },
            {
                "id": 151
            }
        ],
        [
            {
                "id": 8
            },
            {
                "id": 152
            },
            {
                "id": 153
            },
            {
                "id": 154
            },
            {
                "id": 155
            },
            {
                "id": 156
            },
            {
                "id": 157
            },
            {
                "id": 158
            },
            {
                "id": 159
            },
            {
                "id": 160
            }
        ],
        [
            {
                "id": 9
            },
            {
                "id": 161
            },
            {
                "id": 162
            },
            {
                "id": 163
            },
            {
                "id": 164
            },
            {
                "id": 165
            },
            {
                "id": 166
            },
            {
                "id": 167
            },
            {
                "id": 168
            },
            {
                "id": 169
            }
        ],
        [
            {
                "id": 9
            },
            {
                "id": 170
            },
            {
                "id": 171
            },
            {
                "id": 172
            },
            {
                "id": 173
            },
            {
                "id": 174
            },
            {
                "id": 175
            },
            {
                "id": 176
            },
            {
                "id": 177
            },
            {
                "id": 178
            }
        ],
        [
            {
                "id": 9
            },
            {
                "id": 179
            },
            {
                "id": 180
            },
            {
                "id": 181
            }
        ],
        [
            {
                "id": 9
            },
            {
                "id": 182
            },
            {
                "id": 183
            },
            {
                "id": 184
            },
            {
                "id": 185
            },
            {
                "id": 186
            },
            {
                "id": 187
            },
            {
                "id": 188
            },
            {
                "id": 189
            }
        ],
        [
            {
                "id": 9
            },
            {
                "id": 190
            }
        ],
        [
            {
                "id": 9
            },
            {
                "id": 191
            },
            {
                "id": 192
            },
            {
                "id": 193
            },
            {
                "id": 194
            },
            {
                "id": 195
            },
            {
                "id": 196
            },
            {
                "id": 197
            },
            {
                "id": 198
            },
            {
                "id": 199
            }
        ],
        [
            {
                "id": 9
            },
            {
                "id": 200
            },
            {
                "id": 201
            }
        ],
        [
            {
                "id": 9
            },
            {
                "id": 202
            },
            {
                "id": 203
            },
            {
                "id": 204
            }
        ],
        [
            {
                "id": 11
            },
            {
                "id": 205
            },
            {
                "id": 206
            },
            {
                "id": 207
            },
            {
                "id": 208
            },
            {
                "id": 209
            },
            {
                "id": 210
            },
            {
                "id": 211
            },
            {
                "id": 212
            }
        ],
        [
            {
                "id": 11
            },
            {
                "id": 213
            },
            {
                "id": 214
            }
        ],
        [
            {
                "id": 11
            },
            {
                "id": 215
            },
            {
                "id": 216
            },
            {
                "id": 217
            },
            {
                "id": 218
            },
            {
                "id": 219
            }
        ],
        [
            {
                "id": 11
            },
            {
                "id": 220
            },
            {
                "id": 221
            },
            {
                "id": 222
            },
            {
                "id": 223
            },
            {
                "id": 224
            },
            {
                "id": 225
            },
            {
                "id": 226
            },
            {
                "id": 227
            }
        ],
        [
            {
                "id": 11
            },
            {
                "id": 228
            },
            {
                "id": 229
            },
            {
                "id": 230
            },
            {
                "id": 231
            },
            {
                "id": 232
            },
            {
                "id": 233
            },
            {
                "id": 234
            }
        ],
        [
            {
                "id": 11
            },
            {
                "id": 235
            },
            {
                "id": 236
            },
            {
                "id": 237
            },
            {
                "id": 238
            },
            {
                "id": 239
            }
        ],
        [
            {
                "id": 11
            }
        ],
        [
            {
                "id": 11
            },
            {
                "id": 240
            },
            {
                "id": 241
            }
        ],
        [
            {
                "id": 12
            }
        ],
        [
            {
                "id": 12
            },
            {
                "id": 242
            },
            {
                "id": 243
            },
            {
                "id": 244
            },
            {
                "id": 245
            },
            {
                "id": 246
            },
            {
                "id": 247
            },
            {
                "id": 248
            }
        ],
        [
            {
                "id": 12
            },
            {
                "id": 249
            },
            {
                "id": 250
            },
            {
                "id": 251
            },
            {
                "id": 252
            },
            {
                "id": 253
            },
            {
                "id": 254
            },
            {
                "id": 255
            },
            {
                "id": 256
            }
        ],
        [
            {
                "id": 13
            },
            {
                "id": 257
            },
            {
                "id": 258
            },
            {
                "id": 259
            },
            {
                "id": 260
            },
            {
                "id": 261
            },
            {
                "id": 262
            },
            {
                "id": 263
            },
            {
                "id": 264
            },
            {
                "id": 265
            }
        ],
        [
            {
                "id": 13
            },
            {
                "id": 266
            },
            {
                "id": 267
            },
            {
                "id": 268
            },
            {
                "id": 269
            },
            {
                "id": 270
            },
            {
                "id": 271
            },
            {
                "id": 272
            },
            {
                "id": 273
            },
            {
                "id": 274
            }
        ],
        [
            {
                "id": 13
            }
        ],
        [
            {
                "id": 13
            },
            {
                "id": 275
            },
            {
                "id": 276
            },
            {
                "id": 277
            },
            {
                "id": 278
            }
        ],
        [
            {
                "id": 13
            },
            {
                "id": 279
            },
            {
                "id": 280
            },
            {
                "id": 281
            },
            {
                "id": 282
            },
            {
                "id": 283
            },
            {
                "id": 284
            },
            {
                "id": 285
            },
            {
                "id": 286
            },
            {
                "id": 287
            }
        ],
        [
            {
                "id": 13
            },
            {
                "id": 288
            },
            {
                "id": 289
            },
            {
                "id": 290
            },
            {
                "id": 291
            }
        ],
        [
            {
                "id": 13
            },
            {
                "id": 292
            },
            {
                "id": 293
            },
            {
                "id": 294
            }
        ],
        [
            {
                "id": 13
            },
            {
                "id": 295
            },
            {
                "id": 296
            },
            {
                "id": 297
            }
        ],
        [
            {
                "id": 14
            },
            {
                "id": 298
            }
        ],
        [
            {
                "id": 14
            },
            {
                "id": 299
            },
            {
                "id": 300
            },
            {
                "id": 301
            },
            {
                "id": 302
            },
            {
                "id": 303
            }
        ],
        [
            {
                "id": 14
            },
            {
                "id": 304
            },
            {
                "id": 305
            },
            {
                "id": 306
            },
            {
                "id": 307
            },
            {
                "id": 308
            },
            {
                "id": 309
            },
            {
                "id": 310
            }
        ],
        [
            {
                "id": 14
            },
            {
                "id": 311
            },
            {
                "id": 312
            },
            {
                "id": 313
            }
        ],
        [
            {
                "id": 14
            },
            {
                "id": 314
            },
            {
                "id": 315
            }
        ],
        [
            {
                "id": 14
            },
            {
                "id": 316
            },
            {
                "id": 317
            },
            {
                "id": 318
            },
            {
                "id": 319
            },
            {
                "id": 320
            },
            {
                "id": 321
            }
        ],
        [
            {
                "id": 14
            },
            {
                "id": 322
            },
            {
                "id": 323
            },
            {
                "id": 324
            },
            {
                "id": 325
            }
        ],
        [
            {
                "id": 14
            },
            {
                "id": 326
            },
            {
                "id": 327
            },
            {
                "id": 328
            },
            {
                "id": 329
            },
            {
                "id": 330
            },
            {
                "id": 331
            }
        ],
        [
            {
                "id": 14
            },
            {
                "id": 332
            },
            {
                "id": 333
            },
            {
                "id": 334
            },
            {
                "id": 335
            },
            {
                "id": 336
            },
            {
                "id": 337
            },
            {
                "id": 338
            },
            {
                "id": 339
            },
            {
                "id": 340
            }
        ],
        [
            {
                "id": 15
            },
            {
                "id": 341
            },
            {
                "id": 342
            },
            {
                "id": 343
            }
        ],
        [
            {
                "id": 15
            },
            {
                "id": 344
            },
            {
                "id": 345
            },
            {
                "id": 346
            },
            {
                "id": 347
            }
        ],
        [
            {
                "id": 15
            },
            {
                "id": 348
            },
            {
                "id": 349
            },
            {
                "id": 350
            },
            {
                "id": 351
            }
        ],
        [
            {
                "id": 16
            },
            {
                "id": 352
            },
            {
                "id": 353
            },
            {
                "id": 354
            },
            {
                "id": 355
            },
            {
                "id": 356
            }
        ],
        [
            {
                "id": 16
            },
            {
                "id": 357
            },
            {
                "id": 358
            },
            {
                "id": 359
            },
            {
                "id": 360
            },
            {
                "id": 361
            },
            {
                "id": 362
            },
            {
                "id": 363
            }
        ],
        [
            {
                "id": 16
            },
            {
                "id": 364
            }
        ],
        [
            {
                "id": 16
            },
            {
                "id": 365
            },
            {
                "id": 366
            },
            {
                "id": 367
            },
            {
                "id": 368
            },
            {
                "id": 369
            },
            {
                "id": 370
            }
        ],
        [
            {
                "id": 16
            }
        ],
        [
            {
                "id": 16
            },
            {
                "id": 371
            },
            {
                "id": 372
            },
            {
                "id": 373
            }
        ],
        [
            {
                "id": 17
            },
            {
                "id": 374
            }
        ],
        [
            {
                "id": 17
            },
            {
                "id": 375
            },
            {
                "id": 376
            },
            {
                "id": 377
            },
            {
                "id": 378
            },
            {
                "id": 379
            },
            {
                "id": 380
            },
            {
                "id": 381
            },
            {
                "id": 382
            }
        ],
        [
            {
                "id": 17
            },
            {
                "id": 383
            },
            {
                "id": 384
            },
            {
                "id": 385
            },
            {
                "id": 386
            },
            {
                "id": 387
            },
            {
                "id": 388
            }
        ],
        [
            {
                "id": 17
            },
            {
                "id": 389
            },
            {
                "id": 390
            },
            {
                "id": 391
            },
            {
                "id": 392
            },
            {
                "id": 393
            },
            {
                "id": 394
            },
            {
                "id": 395
            }
        ],
        [
            {
                "id": 17
            },
            {
                "id": 396
            },
            {
                "id": 397
            },
            {
                "id": 398
            },
            {
                "id": 399
            },
            {
                "id": 400
            },
            {
                "id": 401
            }
        ],
        [
            {
                "id": 18
            },
            {
                "id": 402
            },
            {
                "id": 403
            },
            {
                "id": 404
            },
            {
                "id": 405
            }
        ],
        [
            {
                "id": 18
            },
            {
                "id": 406
            },
            {
                "id": 407
            },
            {
                "id": 408
            },
            {
                "id": 409
            },
            {
                "id": 410
            }
        ],
        [
            {
                "id": 18
            },
            {
                "id": 411
            },
            {
                "id": 412
            },
            {
                "id": 413
            },
            {
                "id": 414
            },
            {
                "id": 415
            },
            {
                "id": 416
            },
            {
                "id": 417
            }
        ],
        [
            {
                "id": 18
            },
            {
                "id": 418
            },
            {
                "id": 419
            },
            {
                "id": 420
            },
            {
                "id": 421
            },
            {
                "id": 422
            },
            {
                "id": 423
            },
            {
                "id": 424
            },
            {
                "id": 425
            }
        ],
        [
            {
                "id": 18
            },
            {
                "id": 426
            },
            {
                "id": 427
            },
            {
                "id": 428
            },
            {
                "id": 429
            },
            {
                "id": 430
            },
            {
                "id": 431
            },
            {
                "id": 432
            },
            {
                "id": 433
            }
        ],
        [
            {
                "id": 18
            },
            {
                "id": 434
            },
            {
                "id": 435
            },
            {
                "id": 436
            },
            {
                "id": 437
            },
            {
                "id": 438
            }
        ],
        [
            {
                "id": 20
            },
            {
                "id": 439
            },
            {
                "id": 440
            },
            {
                "id": 441
            },
            {
                "id": 442
            },
            {
                "id": 443
            }
        ],
        [
            {
                "id": 20
            },
            {
                "id": 444
            },
            {
                "id": 445
            },
            {
                "id": 446
            }
        ],
        [
            {
                "id": 20
            },
            {
                "id": 447
            },
            {
                "id": 448
            }
        ],
        [
            {
                "id": 20
            },
            {
                "id": 449
            },
            {
                "id": 450
            }
        ],
        [
            {
                "id": 20
            },
            {
                "id": 451
            },
            {
                "id": 452
            },
            {
                "id": 453
            }
        ],
        [
            {
                "id": 20
            },
            {
                "id": 454
            },
            {
                "id": 455
            },
            {
                "id": 456
            },
            {
                "id": 457
            },
            {
                "id": 458
            },
            {
                "id": 459
            },
            {
                "id": 460
            },
            {
                "id": 461
            }
        ],
        [
            {
                "id": 20
            },
            {
                "id": 462
            },
            {
                "id": 463
            },
            {
                "id": 464
            },
            {
                "id": 465
            }
        ],
        [
            {
                "id": 20
            },
            {
                "id": 466
            },
            {
                "id": 467
            }
        ],
        [
            {
                "id": 20
            },
            {
                "id": 468
            }
        ],
        [
            {
                "id": 21
            },
            {
                "id": 469
            },
            {
                "id": 470
            },
            {
                "id": 471
            },
            {
                "id": 472
            },
            {
                "id": 473
            },
            {
                "id": 474
            },
            {
                "id": 475
            },
            {
                "id": 476
            },
            {
                "id": 477
            }
        ],
        [
            {
                "id": 21
            },
            {
                "id": 478
            },
            {
                "id": 479
            }
        ],
        [
            {
                "id": 21
            },
            {
                "id": 480
            },
            {
                "id": 481
            },
            {
                "id": 482
            },
            {
                "id": 483
            }
        ],
        [
            {
                "id": 21
            },
            {
                "id": 484
            },
            {
                "id": 485
            },
            {
                "id": 486
            },
            {
                "id": 487
            },
            {
                "id": 488
            },
            {
                "id": 489
            }
        ],
        [
            {
                "id": 21
            },
            {
                "id": 490
            },
            {
                "id": 491
            },
            {
                "id": 492
            },
            {
                "id": 493
            },
            {
                "id": 494
            },
            {
                "id": 495
            },
            {
                "id": 496
            },
            {
                "id": 497
            }
        ],
        [
            {
                "id": 21
            },
            {
                "id": 498
            }
        ],
        [
            {
                "id": 21
            }
        ],
        [
            {
                "id": 21
            }
        ],
        [
            {
                "id": 22
            }
        ],
        [
            {
                "id": 22
            }
        ],
        [
            {
                "id": 22
            }
        ],
        [
            {
                "id": 22
            }
        ],
        [
            {
                "id": 23
            }
        ],
        [
            {
                "id": 23
            }
        ],
        [
            {
                "id": 23
            }
        ],
        [
            {
                "id": 25
            }
        ],
        [
            {
                "id": 25
            }
        ],
        [
            {
                "id": 26
            }
        ],
        [
            {
                "id": 26
            }
        ],
        [
            {
                "id": 26
            }
        ],
        [
            {
                "id": 26
            }
        ],
        [
            {
                "id": 26
            }
        ],
        [
            {
                "id": 26
            }
        ],
        [
            {
                "id": 27
            }
        ],
        [
            {
                "id": 27
            }
        ],
        [
            {
                "id": 27
            }
        ],
        [
            {
                "id": 28
            }
        ],
        [
            {
                "id": 28
            }
        ],
        [
            {
                "id": 28
            }
        ],
        [
            {
                "id": 28
            }
        ],
        [
            {
                "id": 28
            }
        ],
        [
            {
                "id": 28
            }
        ],
        [
            {
                "id": 29
            }
        ],
        [
            {
                "id": 30
            }
        ],
        [
            {
                "id": 30
            }
        ],
        [
            {
                "id": 31
            }
        ],
        [
            {
                "id": 31
            }
        ],
        [
            {
                "id": 31
            }
        ],
        [
            {
                "id": 31
            }
        ],
        [
            {
                "id": 31
            }
        ],
        [
            {
                "id": 31
            }
        ],
        [
            {
                "id": 33
            }
        ],
        [
            {
                "id": 34
            }
        ],
        [
            {
                "id": 34
            }
        ],
        [
            {
                "id": 34
            }
        ],
        [
            {
                "id": 34
            }
        ],
        [
            {
                "id": 34
            }
        ],
        [
            {
                "id": 34
            }
        ],
        [
            {
                "id": 34
            }
        ],
        [
            {
                "id": 35
            }
        ],
        [
            {
                "id": 36
            }
        ],
        [
            {
                "id": 36
            }
        ],
        [
            {
                "id": 36
            }
        ],
        [
            {
                "id": 36
            }
        ],
        [
            {
                "id": 36
            }
        ],
        [
            {
                "id": 36
            }
        ],
        [
            {
                "id": 36
            }
        ],
        [
            {
                "id": 36
            }
        ],
        [
            {
                "id": 36
            }
        ],
        [
            {
                "id": 37
            }
        ],
        [
            {
                "id": 37
            }
        ],
        [
            {
                "id": 37
            }
        ],
        [
            {
                "id": 37
            }
        ],
        [
            {
                "id": 37
            }
        ],
        [
            {
                "id": 37
            }
        ],
        [
            {
                "id": 37
            }
        ],
        [
            {
                "id": 37
            }
        ],
        [
            {
                "id": 37
            }
        ],
        [
            {
                "id": 38
            }
        ],
        [
            {
                "id": 38
            }
        ],
        [
            {
                "id": 38
            }
        ],
        [
            {
                "id": 38
            }
        ],
        [
            {
                "id": 38
            }
        ],
        [
            {
                "id": 38
            }
        ],
        [
            {
                "id": 38
            }
        ],
        [
            {
                "id": 38
            }
        ],
        [
            {
                "id": 38
            }
        ],
        [
            {
                "id": 39
            }
        ],
        [
            {
                "id": 39
            }
        ],
        [
            {
                "id": 39
            }
        ],
        [
            {
                "id": 40
            }
        ],
        [
            {
                "id": 40
            }
        ],
        [
            {
                "id": 40
            }
        ],
        [
            {
                "id": 40
            }
        ],
        [
            {
                "id": 40
            }
        ],
        [
            {
                "id": 40
            }
        ],
        [
            {
                "id": 40
            }
        ],
        [
            {
                "id": 40
            }
        ],
        [
            {
                "id": 41
            }
        ],
        [
            {
                "id": 42
            }
        ],
        [
            {
                "id": 42
            }
        ],
        [
            {
                "id": 42
            }
        ],
        [
            {
                "id": 42
            }
        ],
        [
            {
                "id": 42
            }
        ],
        [
            {
                "id": 42
            }
        ],
        [
            {
                "id": 42
            }
        ],
        [
            {
                "id": 42
            }
        ],
        [
            {
                "id": 42
            }
        ],
        [
            {
                "id": 43
            }
        ],
        [
            {
                "id": 43
            }
        ],
        [
            {
                "id": 44
            }
        ],
        [
            {
                "id": 44
            }
        ],
        [
            {
                "id": 44
            }
        ],
        [
            {
                "id": 45
            }
        ],
        [
            {
                "id": 45
            }
        ],
        [
            {
                "id": 45
            }
        ],
        [
            {
                "id": 45
            }
        ],
        [
            {
                "id": 45
            }
        ],
        [
            {
                "id": 45
            }
        ],
        [
            {
                "id": 45
            }
        ],
        [
            {
                "id": 45
            }
        ],
        [
            {
                "id": 46
            }
        ],
        [
            {
                "id": 46
            }
        ],
        [
            {
                "id": 47
            }
        ],
        [
            {
                "id": 47
            }
        ],
        [
            {
                "id": 47
            }
        ],
        [
            {
                "id": 47
            }
        ],
        [
            {
                "id": 47
            }
        ],
        [
            {
                "id": 48
            }
        ],
        [
            {
                "id": 48
            }
        ],
        [
            {
                "id": 48
            }
        ],
        [
            {
                "id": 48
            }
        ],
        [
            {
                "id": 48
            }
        ],
        [
            {
                "id": 48
            }
        ],
        [
            {
                "id": 48
            }
        ],
        [
            {
                "id": 48
            }
        ],
        [
            {
                "id": 49
            }
        ],
        [
            {
                "id": 49
            }
        ],
        [
            {
                "id": 49
            }
        ],
        [
            {
                "id": 49
            }
        ],
        [
            {
                "id": 49
            }
        ],
        [
            {
                "id": 49
            }
        ],
        [
            {
                "id": 49
            }
        ],
        [
            {
                "id": 50
            }
        ],
        [
            {
                "id": 50
            }
        ],
        [
            {
                "id": 50
            }
        ],
        [
            {
                "id": 50
            }
        ],
        [
            {
                "id": 50
            }
        ],
        [
            {
                "id": 52
            }
        ],
        [
            {
                "id": 52
            }
        ],
        [
            {
                "id": 54
            }
        ],
        [
            {
                "id": 54
            }
        ],
        [
            {
                "id": 54
            }
        ],
        [
            {
                "id": 54
            }
        ],
        [
            {
                "id": 54
            }
        ],
        [
            {
                "id": 54
            }
        ],
        [
            {
                "id": 54
            }
        ],
        [
            {
                "id": 55
            }
        ],
        [
            {
                "id": 55
            }
        ],
        [
            {
                "id": 55
            }
        ],
        [
            {
                "id": 55
            }
        ],
        [
            {
                "id": 55
            }
        ],
        [
            {
                "id": 55
            }
        ],
        [
            {
                "id": 55
            }
        ],
        [
            {
                "id": 55
            }
        ],
        [
            {
                "id": 56
            }
        ],
        [
            {
                "id": 56
            }
        ],
        [
            {
                "id": 56
            }
        ],
        [
            {
                "id": 56
            }
        ],
        [
            {
                "id": 56
            }
        ],
        [
            {
                "id": 56
            }
        ],
        [
            {
                "id": 56
            }
        ],
        [
            {
                "id": 56
            }
        ],
        [
            {
                "id": 56
            }
        ],
        [
            {
                "id": 57
            }
        ],
        [
            {
                "id": 57
            }
        ],
        [
            {
                "id": 57
            }
        ],
        [
            {
                "id": 57
            }
        ],
        [
            {
                "id": 57
            }
        ],
        [
            {
                "id": 57
            }
        ],
        [
            {
                "id": 57
            }
        ],
        [
            {
                "id": 57
            }
        ],
        [
            {
                "id": 57
            }
        ],
        [
            {
                "id": 59
            }
        ],
        [
            {
                "id": 59
            }
        ],
        [
            {
                "id": 59
            }
        ],
        [
            {
                "id": 59
            }
        ],
        [
            {
                "id": 60
            }
        ],
        [
            {
                "id": 60
            }
        ],
        [
            {
                "id": 60
            }
        ],
        [
            {
                "id": 60
            }
        ],
        [
            {
                "id": 60
            }
        ],
        [
            {
                "id": 60
            }
        ],
        [
            {
                "id": 60
            }
        ],
        [
            {
                "id": 60
            }
        ],
        [
            {
                "id": 60
            }
        ],
        [
            {
                "id": 61
            }
        ],
        [
            {
                "id": 61
            }
        ],
        [
            {
                "id": 61
            }
        ],
        [
            {
                "id": 61
            }
        ],
        [
            {
                "id": 62
            }
        ],
        [
            {
                "id": 62
            }
        ],
        [
            {
                "id": 62
            }
        ],
        [
            {
                "id": 63
            }
        ],
        [
            {
                "id": 63
            }
        ],
        [
            {
                "id": 63
            }
        ],
        [
            {
                "id": 64
            }
        ],
        [
            {
                "id": 65
            }
        ],
        [
            {
                "id": 65
            }
        ],
        [
            {
                "id": 65
            }
        ],
        [
            {
                "id": 65
            }
        ],
        [
            {
                "id": 65
            }
        ],
        [
            {
                "id": 66
            }
        ],
        [
            {
                "id": 66
            }
        ],
        [
            {
                "id": 66
            }
        ],
        [
            {
                "id": 66
            }
        ],
        [
            {
                "id": 66
            }
        ],
        [
            {
                "id": 66
            }
        ],
        [
            {
                "id": 66
            }
        ],
        [
            {
                "id": 67
            }
        ],
        [
            {
                "id": 67
            }
        ],
        [
            {
                "id": 67
            }
        ],
        [
            {
                "id": 68
            }
        ],
        [
            {
                "id": 68
            }
        ],
        [
            {
                "id": 69
            }
        ],
        [
            {
                "id": 69
            }
        ],
        [
            {
                "id": 69
            }
        ],
        [
            {
                "id": 69
            }
        ],
        [
            {
                "id": 69
            }
        ],
        [
            {
                "id": 69
            }
        ],
        [
            {
                "id": 70
            }
        ],
        [
            {
                "id": 70
            }
        ],
        [
            {
                "id": 70
            }
        ],
        [
            {
                "id": 70
            }
        ],
        [
            {
                "id": 71
            }
        ],
        [
            {
                "id": 71
            }
        ],
        [
            {
                "id": 71
            }
        ],
        [
            {
                "id": 71
            }
        ],
        [
            {
                "id": 71
            }
        ],
        [
            {
                "id": 71
            }
        ],
        [
            {
                "id": 72
            }
        ],
        [
            {
                "id": 72
            }
        ],
        [
            {
                "id": 72
            }
        ],
        [
            {
                "id": 72
            }
        ],
        [
            {
                "id": 72
            }
        ],
        [
            {
                "id": 72
            }
        ],
        [
            {
                "id": 72
            }
        ],
        [
            {
                "id": 72
            }
        ],
        [
            {
                "id": 72
            }
        ],
        [
            {
                "id": 73
            }
        ],
        [
            {
                "id": 73
            }
        ],
        [
            {
                "id": 73
            }
        ],
        [
            {
                "id": 74
            }
        ],
        [
            {
                "id": 74
            }
        ],
        [
            {
                "id": 74
            }
        ],
        [
            {
                "id": 74
            }
        ],
        [
            {
                "id": 75
            }
        ],
        [
            {
                "id": 75
            }
        ],
        [
            {
                "id": 75
            }
        ],
        [
            {
                "id": 75
            }
        ],
        [
            {
                "id": 76
            }
        ],
        [
            {
                "id": 76
            }
        ],
        [
            {
                "id": 76
            }
        ],
        [
            {
                "id": 76
            }
        ],
        [
            {
                "id": 76
            }
        ],
        [
            {
                "id": 77
            }
        ],
        [
            {
                "id": 77
            }
        ],
        [
            {
                "id": 77
            }
        ],
        [
            {
                "id": 77
            }
        ],
        [
            {
                "id": 77
            }
        ],
        [
            {
                "id": 77
            }
        ],
        [
            {
                "id": 77
            }
        ],
        [
            {
                "id": 78
            }
        ],
        [
            {
                "id": 79
            }
        ],
        [
            {
                "id": 79
            }
        ],
        [
            {
                "id": 79
            }
        ],
        [
            {
                "id": 79
            }
        ],
        [
            {
                "id": 79
            }
        ],
        [
            {
                "id": 79
            }
        ],
        [
            {
                "id": 81
            }
        ],
        [
            {
                "id": 81
            }
        ],
        [
            {
                "id": 81
            }
        ],
        [
            {
                "id": 82
            }
        ],
        [
            {
                "id": 83
            }
        ],
        [
            {
                "id": 83
            }
        ],
        [
            {
                "id": 83
            }
        ],
        [
            {
                "id": 83
            }
        ],
        [
            {
                "id": 83
            }
        ],
        [
            {
                "id": 83
            }
        ],
        [
            {
                "id": 83
            }
        ],
        [
            {
                "id": 83
            }
        ],
        [
            {
                "id": 84
            }
        ],
        [
            {
                "id": 84
            }
        ],
        [
            {
                "id": 84
            }
        ],
        [
            {
                "id": 84
            }
        ],
        [
            {
                "id": 84
            }
        ],
        [
            {
                "id": 84
            }
        ],
        [
            {
                "id": 85
            }
        ],
        [
            {
                "id": 85
            }
        ],
        [
            {
                "id": 85
            }
        ],
        [
            {
                "id": 85
            }
        ],
        [
            {
                "id": 85
            }
        ],
        [
            {
                "id": 85
            }
        ],
        [
            {
                "id": 85
            }
        ],
        [
            {
                "id": 86
            }
        ],
        [
            {
                "id": 86
            }
        ],
        [
            {
                "id": 86
            }
        ],
        [
            {
                "id": 86
            }
        ],
        [
            {
                "id": 86
            }
        ],
        [
            {
                "id": 86
            }
        ],
        [
            {
                "id": 87
            }
        ],
        [
            {
                "id": 87
            }
        ],
        [
            {
                "id": 87
            }
        ],
        [
            {
                "id": 87
            }
        ],
        [
            {
                "id": 88
            }
        ],
        [
            {
                "id": 88
            }
        ],
        [
            {
                "id": 88
            }
        ],
        [
            {
                "id": 88
            }
        ],
        [
            {
                "id": 88
            }
        ],
        [
            {
                "id": 89
            }
        ],
        [
            {
                "id": 89
            }
        ],
        [
            {
                "id": 89
            }
        ],
        [
            {
                "id": 89
            }
        ],
        [
            {
                "id": 89
            }
        ],
        [
            {
                "id": 89
            }
        ],
        [
            {
                "id": 89
            }
        ],
        [
            {
                "id": 90
            }
        ],
        [
            {
                "id": 90
            }
        ],
        [
            {
                "id": 90
            }
        ],
        [
            {
                "id": 90
            }
        ],
        [
            {
                "id": 90
            }
        ],
        [
            {
                "id": 90
            }
        ],
        [
            {
                "id": 90
            }
        ],
        [
            {
                "id": 90
            }
        ],
        [
            {
                "id": 91
            }
        ],
        [
            {
                "id": 91
            }
        ],
        [
            {
                "id": 91
            }
        ],
        [
            {
                "id": 91
            }
        ],
        [
            {
                "id": 91
            }
        ],
        [
            {
                "id": 91
            }
        ],
        [
            {
                "id": 91
            }
        ],
        [
            {
                "id": 91
            }
        ],
        [
            {
                "id": 92
            }
        ],
        [
            {
                "id": 92
            }
        ],
        [
            {
                "id": 92
            }
        ],
        [
            {
                "id": 92
            }
        ],
        [
            {
                "id": 92
            }
        ],
        [
            {
                "id": 93
            }
        ],
        [
            {
                "id": 93
            }
        ],
        [
            {
                "id": 93
            }
        ],
        [
            {
                "id": 93
            }
        ],
        [
            {
                "id": 93
            }
        ],
        [
            {
                "id": 94
            }
        ],
        [
            {
                "id": 94
            }
        ],
        [
            {
                "id": 94
            }
        ],
        [
            {
                "id": 95
            }
        ],
        [
            {
                "id": 95
            }
        ],
        [
            {
                "id": 96
            }
        ],
        [
            {
                "id": 96
            }
        ],
        [
            {
                "id": 97
            }
        ],
        [
            {
                "id": 97
            }
        ],
        [
            {
                "id": 97
            }
        ],
        [
            {
                "id": 98
            }
        ],
        [
            {
                "id": 98
            }
        ],
        [
            {
                "id": 98
            }
        ],
        [
            {
                "id": 98
            }
        ],
        [
            {
                "id": 98
            }
        ],
        [
            {
                "id": 98
            }
        ],
        [
            {
                "id": 98
            }
        ],
        [
            {
                "id": 98
            }
        ],
        [
            {
                "id": 99
            }
        ],
        [
            {
                "id": 99
            }
        ],
        [
            {
                "id": 99
            }
        ],
        [
            {
                "id": 99
            }
        ],
        [
            {
                "id": 100
            }
        ],
        [
            {
                "id": 100
            }
        ],
        [
            {
                "id": 101
            }
        ],
        [
            {
                "id": 102
            }
        ],
        [
            {
                "id": 102
            }
        ],
        [
            {
                "id": 102
            }
        ],
        [
            {
                "id": 102
            }
        ],
        [
            {
                "id": 102
            }
        ],
        [
            {
                "id": 102
            }
        ],
        [
            {
                "id": 102
            }
        ],
        [
            {
                "id": 102
            }
        ],
        [
            {
                "id": 102
            }
        ],
        [
            {
                "id": 103
            }
        ],
        [
            {
                "id": 103
            }
        ],
        [
            {
                "id": 104
            }
        ],
        [
            {
                "id": 104
            }
        ],
        [
            {
                "id": 104
            }
        ],
        [
            {
                "id": 104
            }
        ],
        [
            {
                "id": 105
            }
        ],
        [
            {
                "id": 105
            }
        ],
        [
            {
                "id": 105
            }
        ],
        [
            {
                "id": 105
            }
        ],
        [
            {
                "id": 105
            }
        ],
        [
            {
                "id": 105
            }
        ],
        [
            {
                "id": 106
            }
        ],
        [
            {
                "id": 106
            }
        ],
        [
            {
                "id": 106
            }
        ],
        [
            {
                "id": 106
            }
        ],
        [
            {
                "id": 106
            }
        ],
        [
            {
                "id": 106
            }
        ],
        [
            {
                "id": 106
            }
        ],
        [
            {
                "id": 106
            }
        ],
        [
            {
                "id": 107
            },
            {
                "id": 499
            }
        ],
        [
            {
                "id": 498
            }
        ]
    ]
}
{
    "directed": false,
    "multigraph": false,
    "graph": [],
    "nodes": [
        {
            "id": 0
        },
        {
            "id": 1
        },
        {
            "id": 2
        },
        {
            "id": 3
        },
        {
            "id": 4
        },
        {
            "id": 5
        },
        {
            "id": 6
        },
        {
            "id": 7
        },
        {
            "id": 8
        },
        {
            "id": 9
        }
    ],
    "adjacency": [
        [
            {
                "id": 1
            }
        ],
        [
            {
                "id": 0
            },
            {
                "id": 2
            }
        ],
        [
            {
                "id": 1
            },
            {
                "id": 3
            },
            {
                "id": 4
            }
        ],
        [
            {
                "id": 2
            },
            {
                "id": 5
            },
            {
                "id": 6
            }
        ],
        [
            {
                "id": 2
            },
            {
                "id": 7
            }
        ],
        [
            {
                "id": 3
            },
            {
                "id": 8
            }
        ],
        [
            {
                "id": 3
            }
        ],
        [
            {
                "id": 4
            }
        ],
        [
            {
                "id": 5
            },
            {
                "id": 9
            }
        ],
        [
            {
                "id": 8
            }
        ]
    ]
}
{
    "directed": false,
    "multigraph": false,
    "graph": [],
    "nodes": [
        {
            "id": 0
        },
        {
            "id": 1
        },
        {
            "id": 2
        },
        {
            "id": 3
        },
        {
            "id": 4
        },
        {
            "id": 5
        },
        {
            "id": 6
        },
        {
            "id": 7
        },
        {
            "id": 8
        },
        {
            "id": 9
        }
    ],
    "adjacency": [
        [
            {
                "id": 1
            }
        ],
        [
            {
                "id": 0
            },
            {
                "id": 2
            }
        ],
        [
            {
                "id": 1
            },
            {
                "id": 3
            }
        ],
        [
            {
                "id": 2
            },
            {
                "id": 4
            }
        ],
        [
            {
                "id": 3
            },
            {
                "id": 5
            },
            {
                "id": 6
            }
        ],
        [
            {
                "id": 4
            },
            {
                "id": 7
            },
            {
                "id": 8
            }
        ],
        [
            {
                "id": 4
            }
        ],
        [
            {
                "id": 5
            }
        ],
        [
            {
                "id": 5
            },
            {
                "id": 9
            }
        ],
        [
            {
                "id": 8
            }
        ]
    ]
}
{
    "directed": false,
    "multigraph": false,
    "graph": [],
    "nodes": [
        {
            "id": 0
        },
        {
            "id": 1
        },
        {
            "id": 2
        },
        {
            "id": 3
        },
        {
            "id": 4
        },
        {
            "id": 5
        },
        {
            "id": 6
        },
        {
            "id": 7
        },
        {
            "id": 8
        },
        {
            "id": 9
        }
    ],
    "adjacency": [
        [
            {
                "id": 1
            }
        ],
        [
            {
                "id": 0
            },
            {
                "id": 2
            },
            {
                "id": 3
            }
        ],
        [
            {
                "id": 1
            },
            {
                "id": 4
            }
        ],
        [
            {
                "id": 1
            },
            {
                "id": 5
            }
        ],
        [
            {
                "id": 2
            },
            {
                "id": 6
            }
        ],
        [
            {
                "id": 3
            },
            {
                "id": 7
            },
            {
                "id": 8
            }
        ],
        [
            {
                "id": 4
            }
        ],
        [
            {
                "id": 5
            }
        ],
        [
            {
                "id": 5
            },
            {
                "id": 9
            }
        ],
        [
            {
                "id": 8
            }
        ]
    ]
}
{
    "directed": false,
    "multigraph": false,
    "graph": [],
    "nodes": [
        {
            "id": 0
        },
        {
            "id": 1
        },
        {
            "id": 2
        },
        {
            "id": 3
        },
        {
            "id": 4
        },
        {
            "id": 5
        },
        {
            "id": 6
        },
        {
            "id": 7
        },
        {
            "id": 8
        },
        {
            "id": 9
        }
    ],
    "adjacency": [
        [
            {
                "id": 1
            }
        ],
        [
            {
                "id": 0
            },
            {
                "id": 2
            }
        ],
        [
            {
                "id": 1
            },
            {
                "id": 3
            }
        ],
        [
            {
                "id": 2
            },
            {
                "id": 4
            },
            {
                "id": 5
            }
        ],
        [
            {
                "id": 3
            }
        ],
        [
            {
                "id": 3
            },
            {
                "id": 6
            }
        ],
        [
            {
                "id": 5
            },
            {
                "id": 7
            }
        ],
        [
            {
                "id": 6
            },
            {
                "id": 8
            }
        ],
        [
            {
                "id": 7
            },
            {
                "id": 9
            }
        ],
        [
            {
                "id": 8
            }
        ]
    ]
}
{
    "directed": false,
    "multigraph": false,
    "graph": [],
    "nodes": [
        {
            "id": 0
        },
        {
            "id": 1
        },
        {
            "id": 2
        },
        {
            "id": 3
        },
        {
            "id": 4
        },
        {
            "id": 5
        },
        {
            "id": 6
        },
        {
            "id": 7
        },
        {
            "id": 8
        },
        {
            "id": 9
        }
    ],
    "adjacency": [
        [
            {
                "id": 1
            }
        ],
        [
            {
                "id": 0
            },
            {
                "id": 2
            }
        ],
        [
            {
                "id": 1
            },
            {
                "id": 3
            }
        ],
        [
            {
                "id": 2
            },
            {
                "id": 4
            }
        ],
        [
            {
                "id": 3
            },
            {
                "id": 5
            }
        ],
        [
            {
                "id": 4
            },
            {
                "id": 6
            },
            {
                "id": 7
            }
        ],
        [
            {
                "id": 5
            },
            {
                "id": 8
            }
        ],
        [
            {
                "id": 5
            }
        ],
        [
            {
                "id": 6
            },
            {
                "id": 9
            }
        ],
        [
            {
                "id": 8
            }
        ]
    ]
}
{
    "directed": false,
    "multigraph": false,
    "graph": [],
    "nodes": [
        {
            "id": 0
        },
        {
            "id": 1
        },
        {
            "id": 2
        },
        {
            "id": 3
        },
        {
            "id": 4
        },
        {
            "id": 5
        },
        {
            "id": 6
        },
        {
            "id": 7
        },
        {
            "id": 8
        },
        {
            "id": 9
        }
    ],
    "adjacency": [
        [
            {
                "id": 1
            },
            {
                "id": 2
            }
        ],
        [
            {
                "id": 0
            },
            {
                "id": 3
            }
        ],
        [
            {
                "id": 0
            }
        ],
        [
            {
                "id": 1
            },
            {
                "id": 4
            }
        ],
        [
            {
                "id": 3
            },
            {
                "id": 5
            }
        ],
        [
            {
                "id": 4
            },
            {
                "id": 6
            }
        ],
        [
            {
                "id": 5
            },
            {
                "id": 7
            },
            {
                "id": 8
            }
        ],
        [
            {
                "id": 6
            }
        ],
        [
            {
                "id": 6
            },
            {
                "id": 9
            }
        ],
        [
            {
                "id": 8
            }
        ]
    ]
}
